Archive member included because of file (symbol)

/home/nishad/fbaseboard_workspace/lpc17xx.cmsis.driver.library/Debug/liblpc17xx.cmsis.driver.library.a(lpc17xx_gpio.o)
                              ./Source/Examples/SSP/SPI-writes-to-7-seg-display.o (GPIO_SetDir)
/home/nishad/fbaseboard_workspace/lpc17xx.cmsis.driver.library/Debug/liblpc17xx.cmsis.driver.library.a(lpc17xx_i2c.o)
                              ./Source/FreeRTOS-Products/FreeRTOS-Plus-IO/Device/LPC17xx/FreeRTOS_lpc17xx_i2c.o (I2C_Stop)
/home/nishad/fbaseboard_workspace/lpc17xx.cmsis.driver.library/Debug/liblpc17xx.cmsis.driver.library.a(lpc17xx_libcfg_default.o)
                              /home/nishad/fbaseboard_workspace/lpc17xx.cmsis.driver.library/Debug/liblpc17xx.cmsis.driver.library.a(lpc17xx_i2c.o) (check_failed)
/home/nishad/fbaseboard_workspace/lpc17xx.cmsis.driver.library/Debug/liblpc17xx.cmsis.driver.library.a(lpc17xx_pinsel.o)
                              ./Source/FreeRTOS-Products/FreeRTOS-Plus-IO/Device/LPC17xx/FreeRTOS_lpc17xx_i2c.o (PINSEL_ConfigPin)
/home/nishad/fbaseboard_workspace/lpc17xx.cmsis.driver.library/Debug/liblpc17xx.cmsis.driver.library.a(lpc17xx_ssp.o)
                              ./Source/FreeRTOS-Products/FreeRTOS-Plus-IO/Device/LPC17xx/FreeRTOS_lpc17xx_ssp.o (SSP_Init)
/home/nishad/fbaseboard_workspace/lpc17xx.cmsis.driver.library/Debug/liblpc17xx.cmsis.driver.library.a(lpc17xx_uart.o)
                              ./Source/FreeRTOS-Products/FreeRTOS-Plus-IO/Device/LPC17xx/FreeRTOS_lpc17xx_uart.o (UART_Init)
/home/nishad/fbaseboard_workspace/lpc17xx.cmsis.driver.library/Debug/liblpc17xx.cmsis.driver.library.a(lpc17xx_clkpwr.o)
                              /home/nishad/fbaseboard_workspace/lpc17xx.cmsis.driver.library/Debug/liblpc17xx.cmsis.driver.library.a(lpc17xx_i2c.o) (CLKPWR_SetPCLKDiv)
/home/nishad/fbaseboard_workspace/CMSISv2p00_LPC17xx/Debug/libCMSISv2p00_LPC17xx.a(system_LPC17xx.o)
                              ./Source/cr_startup_lpc176x.o (SystemInit)
/usr/local/lpcxpresso_6.1.4_194/lpcxpresso/tools/bin/../lib/gcc/arm-none-eabi/4.6.2/../../../../arm-none-eabi/lib/armv7-m/libcr_nohost.a(_cr__main.o)
                              ./Source/cr_startup_lpc176x.o (__main)
/usr/local/lpcxpresso_6.1.4_194/lpcxpresso/tools/bin/../lib/gcc/arm-none-eabi/4.6.2/../../../../arm-none-eabi/lib/armv7-m/libcr_c.a(memcpy.o)
                              ./Source/FreeRTOS-Products/FreeRTOS-Plus-IO/Common/IOUtils_CircularBufferRx.o (memcpy)
/usr/local/lpcxpresso_6.1.4_194/lpcxpresso/tools/bin/../lib/gcc/arm-none-eabi/4.6.2/../../../../arm-none-eabi/lib/armv7-m/libcr_c.a(memset.o)
                              ./Source/FreeRTOS-Products/FreeRTOS/tasks.o (memset)
/usr/local/lpcxpresso_6.1.4_194/lpcxpresso/tools/bin/../lib/gcc/arm-none-eabi/4.6.2/../../../../arm-none-eabi/lib/armv7-m/libcr_c.a(initio.o)
                              /usr/local/lpcxpresso_6.1.4_194/lpcxpresso/tools/bin/../lib/gcc/arm-none-eabi/4.6.2/../../../../arm-none-eabi/lib/armv7-m/libcr_nohost.a(_cr__main.o) (_initio)
/usr/local/lpcxpresso_6.1.4_194/lpcxpresso/tools/bin/../lib/gcc/arm-none-eabi/4.6.2/../../../../arm-none-eabi/lib/armv7-m/libcr_c.a(memcmp.o)
                              ./Source/FreeRTOS-Products/FreeRTOS/tasks.o (memcmp)
/usr/local/lpcxpresso_6.1.4_194/lpcxpresso/tools/bin/../lib/gcc/arm-none-eabi/4.6.2/../../../../arm-none-eabi/lib/armv7-m/libcr_c.a(scanf.o)
                              ./Source/Examples/UART/CLI-commands.o (atol)
/usr/local/lpcxpresso_6.1.4_194/lpcxpresso/tools/bin/../lib/gcc/arm-none-eabi/4.6.2/../../../../arm-none-eabi/lib/armv7-m/libcr_c.a(setvbuf.o)
                              /usr/local/lpcxpresso_6.1.4_194/lpcxpresso/tools/bin/../lib/gcc/arm-none-eabi/4.6.2/../../../../arm-none-eabi/lib/armv7-m/libcr_c.a(initio.o) (setvbuf)
/usr/local/lpcxpresso_6.1.4_194/lpcxpresso/tools/bin/../lib/gcc/arm-none-eabi/4.6.2/../../../../arm-none-eabi/lib/armv7-m/libcr_c.a(stdio.o)
                              /usr/local/lpcxpresso_6.1.4_194/lpcxpresso/tools/bin/../lib/gcc/arm-none-eabi/4.6.2/../../../../arm-none-eabi/lib/armv7-m/libcr_c.a(initio.o) (__Ciob)
/usr/local/lpcxpresso_6.1.4_194/lpcxpresso/tools/bin/../lib/gcc/arm-none-eabi/4.6.2/../../../../arm-none-eabi/lib/armv7-m/libcr_c.a(strcat.o)
                              ./Source/FreeRTOS-Products/FreeRTOS/tasks.o (strcat)
/usr/local/lpcxpresso_6.1.4_194/lpcxpresso/tools/bin/../lib/gcc/arm-none-eabi/4.6.2/../../../../arm-none-eabi/lib/armv7-m/libcr_c.a(strcmp.o)
                              ./Source/FreeRTOS-Products/FreeRTOS-Plus-IO/Common/FreeRTOS_DriverInterface.o (strcmp)
/usr/local/lpcxpresso_6.1.4_194/lpcxpresso/tools/bin/../lib/gcc/arm-none-eabi/4.6.2/../../../../arm-none-eabi/lib/armv7-m/libcr_c.a(strcpy.o)
                              ./Source/Examples/UART/CLI-commands.o (strcpy)
/usr/local/lpcxpresso_6.1.4_194/lpcxpresso/tools/bin/../lib/gcc/arm-none-eabi/4.6.2/../../../../arm-none-eabi/lib/armv7-m/libcr_c.a(strlen.o)
[...]
Memory Configuration

Name             Origin             Length             Attributes
MFlash512        0x00000000         0x00080000         xr
RamLoc32         0x10000000         0x00008000         xrw
RamAHB32         0x2007c000         0x00008000         xrw
*default*        0x00000000         0xffffffff

Linker script and memory map

LOAD ./Source/FreeRTOS-Products/FreeRTOS/portable/MemMang/heap_2.o
LOAD ./Source/FreeRTOS-Products/FreeRTOS/portable/GCC/ARM_CM3/port.o
LOAD ./Source/FreeRTOS-Products/FreeRTOS-Plus-IO/Device/LPC17xx/FreeRTOS_lpc17xx_DriverInterface.o
LOAD ./Source/FreeRTOS-Products/FreeRTOS-Plus-IO/Device/LPC17xx/FreeRTOS_lpc17xx_i2c.o
LOAD ./Source/FreeRTOS-Products/FreeRTOS-Plus-IO/Device/LPC17xx/FreeRTOS_lpc17xx_ssp.o
LOAD ./Source/FreeRTOS-Products/FreeRTOS-Plus-IO/Device/LPC17xx/FreeRTOS_lpc17xx_uart.o
LOAD ./Source/FreeRTOS-Products/FreeRTOS-Plus-IO/Common/FreeRTOS_DriverInterface.o
LOAD ./Source/FreeRTOS-Products/FreeRTOS-Plus-IO/Common/FreeRTOS_IOUtils.o
LOAD ./Source/FreeRTOS-Products/FreeRTOS-Plus-IO/Common/IOUtils_CharQueueTxAndRx.o
LOAD ./Source/FreeRTOS-Products/FreeRTOS-Plus-IO/Common/IOUtils_CircularBufferRx.o
LOAD ./Source/FreeRTOS-Products/FreeRTOS-Plus-IO/Common/IOUtils_ZeroCopyTx.o
LOAD ./Source/FreeRTOS-Products/FreeRTOS-Plus-CLI/FreeRTOS_CLI.o
LOAD ./Source/FreeRTOS-Products/FreeRTOS/croutine.o
LOAD ./Source/FreeRTOS-Products/FreeRTOS/list.o
LOAD ./Source/FreeRTOS-Products/FreeRTOS/queue.o
LOAD ./Source/FreeRTOS-Products/FreeRTOS/tasks.o
LOAD ./Source/FreeRTOS-Products/FreeRTOS/timers.o
LOAD ./Source/Examples/UART/CLI-commands.o
LOAD ./Source/Examples/UART/UART-interrupt-driven-command-console.o
LOAD ./Source/Examples/UART/UART-operation-modes-test.o
LOAD ./Source/Examples/SSP/SPI-writes-to-7-seg-display.o
LOAD ./Source/Examples/I2C/I2C-coordinator.o
LOAD ./Source/Examples/I2C/I2C-to-OLED.o
LOAD ./Source/Examples/I2C/I2C-to-and-from-EEPROM.o
LOAD ./Source/Examples/I2C/font5x7.o
LOAD ./Source/Examples/I2C/oled.o
LOAD ./Source/Examples/GPIO/GPIO-output-and-software-timers.o
LOAD ./Source/cr_startup_lpc176x.o
LOAD ./Source/main.o
LOAD ./Source/printf-stdarg.o
LOAD /home/nishad/fbaseboard_workspace/lpc17xx.cmsis.driver.library/Debug/liblpc17xx.cmsis.driver.library.a
LOAD /home/nishad/fbaseboard_workspace/CMSISv2p00_LPC17xx/Debug/libCMSISv2p00_LPC17xx.a
START GROUP
LOAD /usr/local/lpcxpresso_6.1.4_194/lpcxpresso/tools/bin/../lib/gcc/arm-none-eabi/4.6.2/../../../../arm-none-eabi/lib/armv7-m/libcr_nohost.a
LOAD /usr/local/lpcxpresso_6.1.4_194/lpcxpresso/tools/bin/../lib/gcc/arm-none-eabi/4.6.2/../../../../arm-none-eabi/lib/armv7-m/libcr_c.a
LOAD /usr/local/lpcxpresso_6.1.4_194/lpcxpresso/tools/bin/../lib/gcc/arm-none-eabi/4.6.2/armv7-m/libcr_eabihelpers.a
END GROUP
                0x00080000                __top_MFlash512 = 0x80000
                0x10008000                __top_RamLoc32 = 0x10008000
                0x20084000                __top_RamAHB32 = 0x20084000

.text           0x00000000     0xaed8
 FILL mask 0xff
                0x00000000                __vectors_start__ = ABSOLUTE (.)
 *(.isr_vector)
 .isr_vector    0x00000000       0xcc ./Source/cr_startup_lpc176x.o
                0x00000000                g_pfnVectors
                0x000000cc                . = ALIGN (0x4)
                0x000000cc                __section_table_start = .
                0x000000cc                __data_section_table = .
                0x000000cc        0x4 LONG 0xaed8 LOADADDR (.data)
                0x000000d0        0x4 LONG 0x10000000 ADDR (.data)
                0x000000d4        0x4 LONG 0x3c SIZEOF (.data)
                0x000000d8        0x4 LONG 0xaed8 LOADADDR (.data_RAM2)
                0x000000dc        0x4 LONG 0x2007c000 ADDR (.data_RAM2)
                0x000000e0        0x4 LONG 0x0 SIZEOF (.data_RAM2)
                0x000000e4                __data_section_table_end = .
                0x000000e4                __bss_section_table = .
                0x000000e4        0x4 LONG 0x10000040 ADDR (.bss)
                0x000000e8        0x4 LONG 0x4818 SIZEOF (.bss)
                0x000000ec        0x4 LONG 0x2007c000 ADDR (.bss_RAM2)
                0x000000f0        0x4 LONG 0x0 SIZEOF (.bss_RAM2)
                0x000000f4                __bss_section_table_end = .
                0x000000f4                __section_table_end = .
 *(.after_vectors*)
 .after_vectors
                0x000000f4       0x94 ./Source/cr_startup_lpc176x.o
                0x000000f4                NMI_Handler
                0x000000f6                HardFault_Handler
                0x00000112                MemManage_Handler
                0x00000114                BusFault_Handler
                0x00000116                UsageFault_Handler
                0x0000011a                DebugMon_Handler
                0x00000120                data_init
                0x00000132                bss_init
                0x00000142                ResetISR
                0x00000184                TIMER2_IRQHandler
                0x00000184                RIT_IRQHandler
                0x00000184                I2C0_IRQHandler
                0x00000184                USBActivity_IRQHandler
                0x00000184                PWM1_IRQHandler
                0x00000184                I2C1_IRQHandler
                0x00000184                EINT2_IRQHandler
                0x00000184                UART1_IRQHandler
                0x00000184                EINT3_IRQHandler
                0x00000184                CANActivity_IRQHandler
                0x00000184                TIMER3_IRQHandler
                0x00000184                UART0_IRQHandler
                0x00000184                IntDefaultHandler
                0x00000184                PLL0_IRQHandler
                0x00000184                CAN_IRQHandler
                0x00000184                PLL1_IRQHandler
                0x00000184                SSP0_IRQHandler
                0x00000184                I2S_IRQHandler
                0x00000184                RTC_IRQHandler
                0x00000184                TIMER0_IRQHandler
                0x00000184                SPI_IRQHandler
                0x00000184                EINT1_IRQHandler
                0x00000184                TIMER1_IRQHandler
                0x00000184                UART2_IRQHandler
                0x00000184                ADC_IRQHandler
                0x00000184                USB_IRQHandler
                0x00000184                BOD_IRQHandler
                0x00000184                WDT_IRQHandler
                0x00000184                QEI_IRQHandler
                0x00000184                EINT0_IRQHandler
                0x00000184                DMA_IRQHandler
                0x00000184                MCPWM_IRQHandler
                0x00000184                ENET_IRQHandler
 *(.text*)
 .text.pvPortMalloc
                0x00000188      0x1bc ./Source/FreeRTOS-Products/FreeRTOS/portable/MemMang/heap_2.o
                0x00000188                pvPortMalloc
 .text.vPortFree
                0x00000344       0x88 ./Source/FreeRTOS-Products/FreeRTOS/portable/MemMang/heap_2.o
                0x00000344                vPortFree
 .text.pxPortInitialiseStack
                0x000003cc       0x60 ./Source/FreeRTOS-Products/FreeRTOS/portable/GCC/ARM_CM3/port.o
                0x000003cc                pxPortInitialiseStack
 .text.SVCall_Handler
                0x0000042c       0x20 ./Source/FreeRTOS-Products/FreeRTOS/portable/GCC/ARM_CM3/port.o
                0x0000042c                SVCall_Handler
 .text.prvPortStartFirstTask
                0x0000044c       0x14 ./Source/FreeRTOS-Products/FreeRTOS/portable/GCC/ARM_CM3/port.o
 .text.xPortStartScheduler
                0x00000460       0x54 ./Source/FreeRTOS-Products/FreeRTOS/portable/GCC/ARM_CM3/port.o
                0x00000460                xPortStartScheduler
 .text.vPortYieldFromISR
                0x000004b4       0x18 ./Source/FreeRTOS-Products/FreeRTOS/portable/GCC/ARM_CM3/port.o
                0x000004b4                vPortYieldFromISR
 .text.vPortEnterCritical
                0x000004cc       0x24 ./Source/FreeRTOS-Products/FreeRTOS/portable/GCC/ARM_CM3/port.o
                0x000004cc                vPortEnterCritical
 .text.vPortExitCritical
                0x000004f0       0x34 ./Source/FreeRTOS-Products/FreeRTOS/portable/GCC/ARM_CM3/port.o
                0x000004f0                vPortExitCritical
 .text.ulPortSetInterruptMask
                0x00000524       0x14 ./Source/FreeRTOS-Products/FreeRTOS/portable/GCC/ARM_CM3/port.o
                0x00000524                ulPortSetInterruptMask
 .text.vPortClearInterruptMask
                0x00000538        0x8 ./Source/FreeRTOS-Products/FreeRTOS/portable/GCC/ARM_CM3/port.o
                0x00000538                vPortClearInterruptMask
 .text.PendSV_Handler
                0x00000540       0x3c ./Source/FreeRTOS-Products/FreeRTOS/portable/GCC/ARM_CM3/port.o
                0x00000540                PendSV_Handler
 .text.SysTick_Handler
                0x0000057c       0x24 ./Source/FreeRTOS-Products/FreeRTOS/portable/GCC/ARM_CM3/port.o
                0x0000057c                SysTick_Handler
 .text.vPortSetupTimerInterrupt
                0x000005a0       0x40 ./Source/FreeRTOS-Products/FreeRTOS/portable/GCC/ARM_CM3/port.o
                0x000005a0                vPortSetupTimerInterrupt
 .text.vFreeRTOS_lpc17xx_PopulateFunctionPointers
                0x000005e0       0x60 ./Source/FreeRTOS-Products/FreeRTOS-Plus-IO/Device/LPC17xx/FreeRTOS_lpc17xx_DriverInterface.o
                0x000005e0                vFreeRTOS_lpc17xx_PopulateFunctionPointers
 .text.NVIC_DisableIRQ
                0x00000640       0x3c ./Source/FreeRTOS-Products/FreeRTOS-Plus-IO/Device/LPC17xx/FreeRTOS_lpc17xx_i2c.o
 .text.NVIC_ClearPendingIRQ
                0x0000067c       0x3c ./Source/FreeRTOS-Products/FreeRTOS-Plus-IO/Device/LPC17xx/FreeRTOS_lpc17xx_i2c.o
 .text.NVIC_SetPriority
                0x000006b8       0x5c ./Source/FreeRTOS-Products/FreeRTOS-Plus-IO/Device/LPC17xx/FreeRTOS_lpc17xx_i2c.o
 .text.FreeRTOS_I2C_open
                0x00000714      0x184 ./Source/FreeRTOS-Products/FreeRTOS-Plus-IO/Device/LPC17xx/FreeRTOS_lpc17xx_i2c.o
                0x00000714                FreeRTOS_I2C_open
 .text.FreeRTOS_I2C_write
                0x00000898      0x1c8 ./Source/FreeRTOS-Products/FreeRTOS-Plus-IO/Device/LPC17xx/FreeRTOS_lpc17xx_i2c.o
                0x00000898                FreeRTOS_I2C_write
 .text.FreeRTOS_I2C_read
                0x00000a60      0x1c4 ./Source/FreeRTOS-Products/FreeRTOS-Plus-IO/Device/LPC17xx/FreeRTOS_lpc17xx_i2c.o
                0x00000a60                FreeRTOS_I2C_read
 .text.FreeRTOS_I2C_ioctl
                0x00000c24      0x128 ./Source/FreeRTOS-Products/FreeRTOS-Plus-IO/Device/LPC17xx/FreeRTOS_lpc17xx_i2c.o
                0x00000c24                FreeRTOS_I2C_ioctl
 .text.I2C2_IRQHandler
                0x00000d4c      0x38c ./Source/FreeRTOS-Products/FreeRTOS-Plus-IO/Device/LPC17xx/FreeRTOS_lpc17xx_i2c.o
                0x00000d4c                I2C2_IRQHandler
 .text.NVIC_EnableIRQ
                0x000010d8       0x38 ./Source/FreeRTOS-Products/FreeRTOS-Plus-IO/Device/LPC17xx/FreeRTOS_lpc17xx_ssp.o
 .text.NVIC_DisableIRQ
                0x00001110       0x3c ./Source/FreeRTOS-Products/FreeRTOS-Plus-IO/Device/LPC17xx/FreeRTOS_lpc17xx_ssp.o
 .text.NVIC_SetPriority
                0x0000114c       0x5c ./Source/FreeRTOS-Products/FreeRTOS-Plus-IO/Device/LPC17xx/FreeRTOS_lpc17xx_ssp.o
 .text.FreeRTOS_SSP_open
                0x000011a8      0x1e0 ./Source/FreeRTOS-Products/FreeRTOS-Plus-IO/Device/LPC17xx/FreeRTOS_lpc17xx_ssp.o
                0x000011a8                FreeRTOS_SSP_open
 .text.FreeRTOS_SSP_write
                0x00001388       0xcc ./Source/FreeRTOS-Products/FreeRTOS-Plus-IO/Device/LPC17xx/FreeRTOS_lpc17xx_ssp.o
                0x00001388                FreeRTOS_SSP_write
 .text.FreeRTOS_SSP_read
                0x00001454       0xa0 ./Source/FreeRTOS-Products/FreeRTOS-Plus-IO/Device/LPC17xx/FreeRTOS_lpc17xx_ssp.o
                0x00001454                FreeRTOS_SSP_read
 .text.FreeRTOS_SSP_ioctl
                0x000014f4      0x258 ./Source/FreeRTOS-Products/FreeRTOS-Plus-IO/Device/LPC17xx/FreeRTOS_lpc17xx_ssp.o
                0x000014f4                FreeRTOS_SSP_ioctl
 .text.SSP1_IRQHandler
                0x0000174c      0x154 ./Source/FreeRTOS-Products/FreeRTOS-Plus-IO/Device/LPC17xx/FreeRTOS_lpc17xx_ssp.o
                0x0000174c                SSP1_IRQHandler
 .text.NVIC_EnableIRQ
                0x000018a0       0x38 ./Source/FreeRTOS-Products/FreeRTOS-Plus-IO/Device/LPC17xx/FreeRTOS_lpc17xx_uart.o
 .text.NVIC_DisableIRQ
                0x000018d8       0x3c ./Source/FreeRTOS-Products/FreeRTOS-Plus-IO/Device/LPC17xx/FreeRTOS_lpc17xx_uart.o
 .text.NVIC_SetPriority
                0x00001914       0x5c ./Source/FreeRTOS-Products/FreeRTOS-Plus-IO/Device/LPC17xx/FreeRTOS_lpc17xx_uart.o
 .text.FreeRTOS_UART_open
                0x00001970       0xec ./Source/FreeRTOS-Products/FreeRTOS-Plus-IO/Device/LPC17xx/FreeRTOS_lpc17xx_uart.o
                0x00001970                FreeRTOS_UART_open
 .text.FreeRTOS_UART_write
                0x00001a5c      0x1f4 ./Source/FreeRTOS-Products/FreeRTOS-Plus-IO/Device/LPC17xx/FreeRTOS_lpc17xx_uart.o
                0x00001a5c                FreeRTOS_UART_write
 .text.FreeRTOS_UART_read
                0x00001c50      0x11c ./Source/FreeRTOS-Products/FreeRTOS-Plus-IO/Device/LPC17xx/FreeRTOS_lpc17xx_uart.o
                0x00001c50                FreeRTOS_UART_read
 .text.prvFillFifoFromBuffer
                0x00001d6c       0x5c ./Source/FreeRTOS-Products/FreeRTOS-Plus-IO/Device/LPC17xx/FreeRTOS_lpc17xx_uart.o
 .text.FreeRTOS_UART_ioctl
                0x00001dc8      0x130 ./Source/FreeRTOS-Products/FreeRTOS-Plus-IO/Device/LPC17xx/FreeRTOS_lpc17xx_uart.o
                0x00001dc8                FreeRTOS_UART_ioctl
 .text.UART3_IRQHandler
                0x00001ef8      0x2a4 ./Source/FreeRTOS-Products/FreeRTOS-Plus-IO/Device/LPC17xx/FreeRTOS_lpc17xx_uart.o
                0x00001ef8                UART3_IRQHandler
 .text.FreeRTOS_open
                0x0000219c      0x13c ./Source/FreeRTOS-Products/FreeRTOS-Plus-IO/Common/FreeRTOS_DriverInterface.o
                0x0000219c                FreeRTOS_open
 .text.FreeRTOS_ioctl
                0x000022d8      0x1fc ./Source/FreeRTOS-Products/FreeRTOS-Plus-IO/Common/FreeRTOS_DriverInterface.o
                0x000022d8                FreeRTOS_ioctl
 .text.vIOUtilsCreateTransferControlStructure
                0x000024d4       0xbc ./Source/FreeRTOS-Products/FreeRTOS-Plus-IO/Common/FreeRTOS_IOUtils.o
                0x000024d4                vIOUtilsCreateTransferControlStructure
 .text.xIOUtilsSetTxQueueTimeout
                0x00002590       0x28 ./Source/FreeRTOS-Products/FreeRTOS-Plus-IO/Common/IOUtils_CharQueueTxAndRx.o
                0x00002590                xIOUtilsSetTxQueueTimeout
 .text.vIOUtilsSetRxQueueTimeout
                0x000025b8       0x28 ./Source/FreeRTOS-Products/FreeRTOS-Plus-IO/Common/IOUtils_CharQueueTxAndRx.o
                0x000025b8                vIOUtilsSetRxQueueTimeout
 .text.xIOUtilsConfigureTransferQueue
                0x000025e0       0xd8 ./Source/FreeRTOS-Products/FreeRTOS-Plus-IO/Common/IOUtils_CharQueueTxAndRx.o
                0x000025e0                xIOUtilsConfigureTransferQueue
 .text.xIOUtilsReceiveCharsFromRxQueue
                0x000026b8       0x84 ./Source/FreeRTOS-Products/FreeRTOS-Plus-IO/Common/IOUtils_CharQueueTxAndRx.o
                0x000026b8                xIOUtilsReceiveCharsFromRxQueue
 .text.xIOUtilsWaitTxQueueEmpty
                0x0000273c       0x70 ./Source/FreeRTOS-Products/FreeRTOS-Plus-IO/Common/IOUtils_CharQueueTxAndRx.o
                0x0000273c                xIOUtilsWaitTxQueueEmpty
 .text.xIOUtilsClearRxCharQueue
                0x000027ac       0x34 ./Source/FreeRTOS-Products/FreeRTOS-Plus-IO/Common/IOUtils_CharQueueTxAndRx.o
                0x000027ac                xIOUtilsClearRxCharQueue
 .text.xIOUtilsConfigureCircularBufferRx
                0x000027e0      0x110 ./Source/FreeRTOS-Products/FreeRTOS-Plus-IO/Common/IOUtils_CircularBufferRx.o
                0x000027e0                xIOUtilsConfigureCircularBufferRx
 .text.vIOUtilsClearRxCircularBuffer
                0x000028f0       0x50 ./Source/FreeRTOS-Products/FreeRTOS-Plus-IO/Common/IOUtils_CircularBufferRx.o
                0x000028f0                vIOUtilsClearRxCircularBuffer
 .text.xIOUtilsReadCharsFromCircularBuffer
                0x00002940      0x108 ./Source/FreeRTOS-Products/FreeRTOS-Plus-IO/Common/IOUtils_CircularBufferRx.o
                0x00002940                xIOUtilsReadCharsFromCircularBuffer
 .text.vIOUtilsSetCircularBufferTimeout
                0x00002a48       0x28 ./Source/FreeRTOS-Products/FreeRTOS-Plus-IO/Common/IOUtils_CircularBufferRx.o
                0x00002a48                vIOUtilsSetCircularBufferTimeout
 .text.xIOUtilsConfigureZeroCopyTx
                0x00002a70       0xb4 ./Source/FreeRTOS-Products/FreeRTOS-Plus-IO/Common/IOUtils_ZeroCopyTx.o
                0x00002a70                xIOUtilsConfigureZeroCopyTx
 .text.xIOUtilsGetZeroCopyWriteMutex
                0x00002b24       0x6c ./Source/FreeRTOS-Products/FreeRTOS-Plus-IO/Common/IOUtils_ZeroCopyTx.o
                0x00002b24                xIOUtilsGetZeroCopyWriteMutex
 .text.xIOUtilsReleaseZeroCopyWriteMutex
                0x00002b90       0x48 ./Source/FreeRTOS-Products/FreeRTOS-Plus-IO/Common/IOUtils_ZeroCopyTx.o
                0x00002b90                xIOUtilsReleaseZeroCopyWriteMutex
 .text.FreeRTOS_CLIRegisterCommand
                0x00002bd8       0x7c ./Source/FreeRTOS-Products/FreeRTOS-Plus-CLI/FreeRTOS_CLI.o
                0x00002bd8                FreeRTOS_CLIRegisterCommand
 .text.FreeRTOS_CLIProcessCommand
                0x00002c54      0x170 ./Source/FreeRTOS-Products/FreeRTOS-Plus-CLI/FreeRTOS_CLI.o
                0x00002c54                FreeRTOS_CLIProcessCommand
 .text.FreeRTOS_CLIGetOutputBuffer
                0x00002dc4       0x14 ./Source/FreeRTOS-Products/FreeRTOS-Plus-CLI/FreeRTOS_CLI.o
                0x00002dc4                FreeRTOS_CLIGetOutputBuffer
 .text.FreeRTOS_CLIGetParameter
                0x00002dd8       0xd4 ./Source/FreeRTOS-Products/FreeRTOS-Plus-CLI/FreeRTOS_CLI.o
                0x00002dd8                FreeRTOS_CLIGetParameter
 .text.prvHelpCommand
                0x00002eac       0x84 ./Source/FreeRTOS-Products/FreeRTOS-Plus-CLI/FreeRTOS_CLI.o
 .text.prvGetNumberOfParameters
                0x00002f30       0x6c ./Source/FreeRTOS-Products/FreeRTOS-Plus-CLI/FreeRTOS_CLI.o
 .text.vListInitialise
                0x00002f9c       0x40 ./Source/FreeRTOS-Products/FreeRTOS/list.o
                0x00002f9c                vListInitialise
 .text.vListInitialiseItem
                0x00002fdc       0x1c ./Source/FreeRTOS-Products/FreeRTOS/list.o
                0x00002fdc                vListInitialiseItem
 .text.vListInsertEnd
                0x00002ff8       0x54 ./Source/FreeRTOS-Products/FreeRTOS/list.o
                0x00002ff8                vListInsertEnd
 .text.vListInsert
                0x0000304c       0x78 ./Source/FreeRTOS-Products/FreeRTOS/list.o
                0x0000304c                vListInsert
 .text.uxListRemove
                0x000030c4       0x58 ./Source/FreeRTOS-Products/FreeRTOS/list.o
                0x000030c4                uxListRemove
 .text.xQueueGenericReset
                0x0000311c       0xbc ./Source/FreeRTOS-Products/FreeRTOS/queue.o
                0x0000311c                xQueueGenericReset
 .text.xQueueGenericCreate
                0x000031d8       0x90 ./Source/FreeRTOS-Products/FreeRTOS/queue.o
                0x000031d8                xQueueGenericCreate
 .text.xQueueCreateMutex
                0x00003268       0xb0 ./Source/FreeRTOS-Products/FreeRTOS/queue.o
                0x00003268                xQueueCreateMutex
 .text.xQueueGetMutexHolder
                0x00003318       0x34 ./Source/FreeRTOS-Products/FreeRTOS/queue.o
                0x00003318                xQueueGetMutexHolder
 .text.xQueueCreateCountingSemaphore
                0x0000334c       0x40 ./Source/FreeRTOS-Products/FreeRTOS/queue.o
                0x0000334c                xQueueCreateCountingSemaphore
 .text.xQueueGenericSend
                0x0000338c      0x150 ./Source/FreeRTOS-Products/FreeRTOS/queue.o
                0x0000338c                xQueueGenericSend
 .text.xQueueGenericSendFromISR
                0x000034dc       0xbc ./Source/FreeRTOS-Products/FreeRTOS/queue.o
                0x000034dc                xQueueGenericSendFromISR
 .text.xQueueGenericReceive
                0x00003598      0x1b4 ./Source/FreeRTOS-Products/FreeRTOS/queue.o
                0x00003598                xQueueGenericReceive
 .text.xQueueReceiveFromISR
                0x0000374c       0xc0 ./Source/FreeRTOS-Products/FreeRTOS/queue.o
                0x0000374c                xQueueReceiveFromISR
 .text.uxQueueMessagesWaiting
                0x0000380c       0x30 ./Source/FreeRTOS-Products/FreeRTOS/queue.o
                0x0000380c                uxQueueMessagesWaiting
 .text.vQueueDelete
                0x0000383c       0x34 ./Source/FreeRTOS-Products/FreeRTOS/queue.o
                0x0000383c                vQueueDelete
 .text.prvCopyDataToQueue
                0x00003870       0xc4 ./Source/FreeRTOS-Products/FreeRTOS/queue.o
 .text.prvCopyDataFromQueue
                0x00003934       0x50 ./Source/FreeRTOS-Products/FreeRTOS/queue.o
 .text.prvUnlockQueue
                0x00003984       0xa0 ./Source/FreeRTOS-Products/FreeRTOS/queue.o
 .text.prvIsQueueEmpty
                0x00003a24       0x2c ./Source/FreeRTOS-Products/FreeRTOS/queue.o
 .text.prvIsQueueFull
                0x00003a50       0x30 ./Source/FreeRTOS-Products/FreeRTOS/queue.o
 .text.vQueueUnregisterQueue
                0x00003a80       0x54 ./Source/FreeRTOS-Products/FreeRTOS/queue.o
 .text.vQueueWaitForMessageRestricted
                0x00003ad4       0x5c ./Source/FreeRTOS-Products/FreeRTOS/queue.o
                0x00003ad4                vQueueWaitForMessageRestricted
 .text.xTaskGenericCreate
                0x00003b30      0x1f4 ./Source/FreeRTOS-Products/FreeRTOS/tasks.o
                0x00003b30                xTaskGenericCreate
 .text.vTaskDelete
                0x00003d24       0xc0 ./Source/FreeRTOS-Products/FreeRTOS/tasks.o
                0x00003d24                vTaskDelete
 .text.vTaskDelayUntil
                0x00003de4       0xcc ./Source/FreeRTOS-Products/FreeRTOS/tasks.o
                0x00003de4                vTaskDelayUntil
 .text.vTaskDelay
                0x00003eb0       0x5c ./Source/FreeRTOS-Products/FreeRTOS/tasks.o
                0x00003eb0                vTaskDelay
 .text.vTaskStartScheduler
                0x00003f0c       0x90 ./Source/FreeRTOS-Products/FreeRTOS/tasks.o
                0x00003f0c                vTaskStartScheduler
 .text.vTaskSuspendAll
                0x00003f9c       0x24 ./Source/FreeRTOS-Products/FreeRTOS/tasks.o
                0x00003f9c                vTaskSuspendAll
 .text.xTaskResumeAll
                0x00003fc0      0x168 ./Source/FreeRTOS-Products/FreeRTOS/tasks.o
                0x00003fc0                xTaskResumeAll
 .text.xTaskGetTickCount
                0x00004128       0x28 ./Source/FreeRTOS-Products/FreeRTOS/tasks.o
                0x00004128                xTaskGetTickCount
 .text.xTaskGetTickCountFromISR
                0x00004150       0x2c ./Source/FreeRTOS-Products/FreeRTOS/tasks.o
                0x00004150                xTaskGetTickCountFromISR
 .text.vTaskList
                0x0000417c      0x120 ./Source/FreeRTOS-Products/FreeRTOS/tasks.o
                0x0000417c                vTaskList
 .text.vTaskGetRunTimeStats
                0x0000429c      0x130 ./Source/FreeRTOS-Products/FreeRTOS/tasks.o
                0x0000429c                vTaskGetRunTimeStats
 .text.vTaskIncrementTick
                0x000043cc      0x1cc ./Source/FreeRTOS-Products/FreeRTOS/tasks.o
                0x000043cc                vTaskIncrementTick
 .text.vTaskSwitchContext
                0x00004598      0x190 ./Source/FreeRTOS-Products/FreeRTOS/tasks.o
                0x00004598                vTaskSwitchContext
 .text.vTaskPlaceOnEventList
                0x00004728       0x84 ./Source/FreeRTOS-Products/FreeRTOS/tasks.o
                0x00004728                vTaskPlaceOnEventList
 .text.vTaskPlaceOnEventListRestricted
                0x000047ac       0x60 ./Source/FreeRTOS-Products/FreeRTOS/tasks.o
                0x000047ac                vTaskPlaceOnEventListRestricted
 .text.xTaskRemoveFromEventList
                0x0000480c       0xd0 ./Source/FreeRTOS-Products/FreeRTOS/tasks.o
                0x0000480c                xTaskRemoveFromEventList
 .text.vTaskSetTimeOutState
                0x000048dc       0x38 ./Source/FreeRTOS-Products/FreeRTOS/tasks.o
                0x000048dc                vTaskSetTimeOutState
 .text.xTaskCheckForTimeOut
                0x00004914       0xbc ./Source/FreeRTOS-Products/FreeRTOS/tasks.o
                0x00004914                xTaskCheckForTimeOut
 .text.vTaskMissedYield
                0x000049d0       0x18 ./Source/FreeRTOS-Products/FreeRTOS/tasks.o
                0x000049d0                vTaskMissedYield
 .text.prvIdleTask
                0x000049e8       0x10 ./Source/FreeRTOS-Products/FreeRTOS/tasks.o
 .text.prvInitialiseTCBVariables
                0x000049f8       0x80 ./Source/FreeRTOS-Products/FreeRTOS/tasks.o
 .text.prvInitialiseTaskLists
                0x00004a78       0xa4 ./Source/FreeRTOS-Products/FreeRTOS/tasks.o
 .text.prvCheckTasksWaitingTermination
                0x00004b1c       0x98 ./Source/FreeRTOS-Products/FreeRTOS/tasks.o
 .text.prvAddCurrentTaskToDelayedList
                0x00004bb4       0x8c ./Source/FreeRTOS-Products/FreeRTOS/tasks.o
 .text.prvAllocateTCBAndStack
                0x00004c40       0x74 ./Source/FreeRTOS-Products/FreeRTOS/tasks.o
 .text.prvListTaskWithinSingleList
                0x00004cb4       0xd4 ./Source/FreeRTOS-Products/FreeRTOS/tasks.o
 .text.prvGenerateRunTimeStatsForTasksInList
                0x00004d88      0x120 ./Source/FreeRTOS-Products/FreeRTOS/tasks.o
 .text.usTaskCheckFreeStackSpace
                0x00004ea8       0x38 ./Source/FreeRTOS-Products/FreeRTOS/tasks.o
 .text.prvDeleteTCB
                0x00004ee0       0x20 ./Source/FreeRTOS-Products/FreeRTOS/tasks.o
 .text.xTaskGetCurrentTaskHandle
                0x00004f00       0x20 ./Source/FreeRTOS-Products/FreeRTOS/tasks.o
                0x00004f00                xTaskGetCurrentTaskHandle
 .text.xTaskGetSchedulerState
                0x00004f20       0x48 ./Source/FreeRTOS-Products/FreeRTOS/tasks.o
                0x00004f20                xTaskGetSchedulerState
 .text.vTaskPriorityInherit
                0x00004f68       0xe0 ./Source/FreeRTOS-Products/FreeRTOS/tasks.o
                0x00004f68                vTaskPriorityInherit
 .text.vTaskPriorityDisinherit
                0x00005048       0x90 ./Source/FreeRTOS-Products/FreeRTOS/tasks.o
                0x00005048                vTaskPriorityDisinherit
 .text.xTimerCreateTimerTask
                0x000050d8       0x70 ./Source/FreeRTOS-Products/FreeRTOS/timers.o
                0x000050d8                xTimerCreateTimerTask
 .text.xTimerCreate
                0x00005148       0x74 ./Source/FreeRTOS-Products/FreeRTOS/timers.o
                0x00005148                xTimerCreate
 .text.xTimerGenericCommand
                0x000051bc       0xb0 ./Source/FreeRTOS-Products/FreeRTOS/timers.o
                0x000051bc                xTimerGenericCommand
 .text.prvProcessExpiredTimer
                0x0000526c       0x80 ./Source/FreeRTOS-Products/FreeRTOS/timers.o
 .text.prvTimerTask
                0x000052ec       0x28 ./Source/FreeRTOS-Products/FreeRTOS/timers.o
 .text.prvProcessTimerOrBlockTask
                0x00005314       0x78 ./Source/FreeRTOS-Products/FreeRTOS/timers.o
 .text.prvGetNextExpireTime
                0x0000538c       0x50 ./Source/FreeRTOS-Products/FreeRTOS/timers.o
 .text.prvSampleTimeNow
                0x000053dc       0x5c ./Source/FreeRTOS-Products/FreeRTOS/timers.o
 .text.prvInsertTimerInActiveList
                0x00005438       0x94 ./Source/FreeRTOS-Products/FreeRTOS/timers.o
 .text.prvProcessReceivedCommands
                0x000054cc      0x108 ./Source/FreeRTOS-Products/FreeRTOS/timers.o
 .text.prvSwitchTimerLists
                0x000055d4       0xe8 ./Source/FreeRTOS-Products/FreeRTOS/timers.o
 .text.prvCheckForValidListAndQueue
                0x000056bc       0x74 ./Source/FreeRTOS-Products/FreeRTOS/timers.o
 .text.vRegisterCLICommands
                0x00005730       0x50 ./Source/Examples/UART/CLI-commands.o
                0x00005730                vRegisterCLICommands
 .text.prvTaskStatsCommand
                0x00005780       0x4c ./Source/Examples/UART/CLI-commands.o
 .text.prvRunTimeStatsCommand
                0x000057cc       0x4c ./Source/Examples/UART/CLI-commands.o
 .text.prvThreeParameterEchoCommand
                0x00005818      0x118 ./Source/Examples/UART/CLI-commands.o
 .text.prvMultiParameterEchoCommand
                0x00005930      0x10c ./Source/Examples/UART/CLI-commands.o
 .text.prvCreateTaskCommand
                0x00005a3c       0xcc ./Source/Examples/UART/CLI-commands.o
 .text.prvDeleteTaskCommand
                0x00005b08       0x78 ./Source/Examples/UART/CLI-commands.o
 .text.prvCreatedTask
                0x00005b80       0x50 ./Source/Examples/UART/CLI-commands.o
 .text.vUARTCommandConsoleStart
                0x00005bd0       0x44 ./Source/Examples/UART/UART-interrupt-driven-command-console.o
                0x00005bd0                vUARTCommandConsoleStart
 .text.prvUARTCommandConsoleTask
                0x00005c14      0x360 ./Source/Examples/UART/UART-interrupt-driven-command-console.o
 .text.vOutputString
                0x00005f74       0x64 ./Source/Examples/UART/UART-interrupt-driven-command-console.o
                0x00005f74                vOutputString
 .text.vSPIWriteTaskStart
                0x00005fd8       0x40 ./Source/Examples/SSP/SPI-writes-to-7-seg-display.o
                0x00005fd8                vSPIWriteTaskStart
 .text.prvSPIWriteTask
                0x00006018      0x130 ./Source/Examples/SSP/SPI-writes-to-7-seg-display.o
 .text.vI2CTaskStart
                0x00006148       0x40 ./Source/Examples/I2C/I2C-coordinator.o
                0x00006148                vI2CTaskStart
 .text.prvI2CTask
                0x00006188      0x10c ./Source/Examples/I2C/I2C-coordinator.o
 .text.vI2C_OLEDInitialise
                0x00006294       0x24 ./Source/Examples/I2C/I2C-to-OLED.o
                0x00006294                vI2C_OLEDInitialise
 .text.vI2C_OLEDTest
                0x000062b8       0x98 ./Source/Examples/I2C/I2C-to-OLED.o
                0x000062b8                vI2C_OLEDTest
 .text.prvConfigureI2CBusForOLED
                0x00006350       0x30 ./Source/Examples/I2C/I2C-to-OLED.o
 .text.vI2C_EEPROMTest
                0x00006380      0x330 ./Source/Examples/I2C/I2C-to-and-from-EEPROM.o
                0x00006380                vI2C_EEPROMTest
 .text.prvSetSlaveAddress
                0x000066b0       0x44 ./Source/Examples/I2C/I2C-to-and-from-EEPROM.o
 .text.prvWritePageToEEPROM
                0x000066f4       0x68 ./Source/Examples/I2C/I2C-to-and-from-EEPROM.o
 .text.vOLEDInit
                0x0000675c       0xd4 ./Source/Examples/I2C/oled.o
                0x0000675c                vOLEDInit
 .text.vOLEDClearScreen
                0x00006830       0x5c ./Source/Examples/I2C/oled.o
                0x00006830                vOLEDClearScreen
 .text.vOLEDRefreshDisplay
                0x0000688c       0x54 ./Source/Examples/I2C/oled.o
                0x0000688c                vOLEDRefreshDisplay
 .text.vOLEDPutString
                0x000068e0       0x88 ./Source/Examples/I2C/oled.o
                0x000068e0                vOLEDPutString
 .text.prvWritePixelToFrameBuffer
                0x00006968      0x140 ./Source/Examples/I2C/oled.o
 .text.prvWriteCharToFrameBuffer
                0x00006aa8       0xe0 ./Source/Examples/I2C/oled.o
 .text.prvWriteShadowBufferToLED
                0x00006b88      0x158 ./Source/Examples/I2C/oled.o
 .text.vGPIOSoftwareTimersStart
                0x00006ce0       0xd4 ./Source/Examples/GPIO/GPIO-output-and-software-timers.o
                0x00006ce0                vGPIOSoftwareTimersStart
 .text.prvGPIOTimerCallback
                0x00006db4       0xf0 ./Source/Examples/GPIO/GPIO-output-and-software-timers.o
 .text.pop_registers_from_fault_stack
                0x00006ea4       0x24 ./Source/cr_startup_lpc176x.o
                0x00006ea4                pop_registers_from_fault_stack
 .text.NVIC_SetPriorityGrouping
                0x00006ec8       0x50 ./Source/main.o
 .text.main     0x00006f18       0x28 ./Source/main.o
                0x00006f18                main
 .text.vMainConfigureTimerForRunTimeStats
                0x00006f40       0x30 ./Source/main.o
                0x00006f40                vMainConfigureTimerForRunTimeStats
 .text.ulMainGetRunTimeCounterValue
                0x00006f70       0xa4 ./Source/main.o
                0x00006f70                ulMainGetRunTimeCounterValue
 .text.vApplicationStackOverflowHook
                0x00007014       0x10 ./Source/main.o
                0x00007014                vApplicationStackOverflowHook
 .text.vApplicationMallocFailedHook
                0x00007024        0xc ./Source/main.o
                0x00007024                vApplicationMallocFailedHook
 .text.printchar
                0x00007030       0x30 ./Source/printf-stdarg.o
 .text.prints   0x00007060       0xd0 ./Source/printf-stdarg.o
 .text.printi   0x00007130       0xf4 ./Source/printf-stdarg.o
 .text.print    0x00007224      0x218 ./Source/printf-stdarg.o
 .text.sprintf  0x0000743c       0x30 ./Source/printf-stdarg.o
                0x0000743c                sprintf
 .text.GPIO_GetPointer
                0x0000746c       0x7c /home/nishad/fbaseboard_workspace/lpc17xx.cmsis.driver.library/Debug/liblpc17xx.cmsis.driver.library.a(lpc17xx_gpio.o)
 .text.GPIO_SetDir
                0x000074e8       0x5c /home/nishad/fbaseboard_workspace/lpc17xx.cmsis.driver.library/Debug/liblpc17xx.cmsis.driver.library.a(lpc17xx_gpio.o)
                0x000074e8                GPIO_SetDir
 .text.GPIO_SetValue
                0x00007544       0x2c /home/nishad/fbaseboard_workspace/lpc17xx.cmsis.driver.library/Debug/liblpc17xx.cmsis.driver.library.a(lpc17xx_gpio.o)
                0x00007544                GPIO_SetValue
 .text.GPIO_ClearValue
                0x00007570       0x2c /home/nishad/fbaseboard_workspace/lpc17xx.cmsis.driver.library/Debug/liblpc17xx.cmsis.driver.library.a(lpc17xx_gpio.o)
                0x00007570                GPIO_ClearValue
 .text.NVIC_EnableIRQ
                0x0000759c       0x38 /home/nishad/fbaseboard_workspace/lpc17xx.cmsis.driver.library/Debug/liblpc17xx.cmsis.driver.library.a(lpc17xx_i2c.o)
 .text.NVIC_DisableIRQ
                0x000075d4       0x3c /home/nishad/fbaseboard_workspace/lpc17xx.cmsis.driver.library/Debug/liblpc17xx.cmsis.driver.library.a(lpc17xx_i2c.o)
 .text.I2C_getNum
                0x00007610       0x54 /home/nishad/fbaseboard_workspace/lpc17xx.cmsis.driver.library/Debug/liblpc17xx.cmsis.driver.library.a(lpc17xx_i2c.o)
 .text.I2C_Start
                0x00007664       0x44 /home/nishad/fbaseboard_workspace/lpc17xx.cmsis.driver.library/Debug/liblpc17xx.cmsis.driver.library.a(lpc17xx_i2c.o)
                0x00007664                I2C_Start
 .text.I2C_Stop
                0x000076a8       0x38 /home/nishad/fbaseboard_workspace/lpc17xx.cmsis.driver.library/Debug/liblpc17xx.cmsis.driver.library.a(lpc17xx_i2c.o)
                0x000076a8                I2C_Stop
 .text.I2C_SendByte
                0x000076e0       0x50 /home/nishad/fbaseboard_workspace/lpc17xx.cmsis.driver.library/Debug/liblpc17xx.cmsis.driver.library.a(lpc17xx_i2c.o)
 .text.I2C_GetByte
                0x00007730       0x5c /home/nishad/fbaseboard_workspace/lpc17xx.cmsis.driver.library/Debug/liblpc17xx.cmsis.driver.library.a(lpc17xx_i2c.o)
 .text.I2C_SetClock
                0x0000778c       0xc8 /home/nishad/fbaseboard_workspace/lpc17xx.cmsis.driver.library/Debug/liblpc17xx.cmsis.driver.library.a(lpc17xx_i2c.o)
                0x0000778c                I2C_SetClock
 .text.I2C_Init
                0x00007854       0xd8 /home/nishad/fbaseboard_workspace/lpc17xx.cmsis.driver.library/Debug/liblpc17xx.cmsis.driver.library.a(lpc17xx_i2c.o)
                0x00007854                I2C_Init
 .text.I2C_Cmd  0x0000792c       0x84 /home/nishad/fbaseboard_workspace/lpc17xx.cmsis.driver.library/Debug/liblpc17xx.cmsis.driver.library.a(lpc17xx_i2c.o)
                0x0000792c                I2C_Cmd
 .text.I2C_IntCmd
                0x000079b0       0xa8 /home/nishad/fbaseboard_workspace/lpc17xx.cmsis.driver.library/Debug/liblpc17xx.cmsis.driver.library.a(lpc17xx_i2c.o)
                0x000079b0                I2C_IntCmd
 .text.I2C_MasterTransferData
                0x00007a58      0x34c /home/nishad/fbaseboard_workspace/lpc17xx.cmsis.driver.library/Debug/liblpc17xx.cmsis.driver.library.a(lpc17xx_i2c.o)
                0x00007a58                I2C_MasterTransferData
 .text.check_failed
                0x00007da4        0xc /home/nishad/fbaseboard_workspace/lpc17xx.cmsis.driver.library/Debug/liblpc17xx.cmsis.driver.library.a(lpc17xx_libcfg_default.o)
                0x00007da4                check_failed
 .text.set_PinFunc
                0x00007db0       0x9c /home/nishad/fbaseboard_workspace/lpc17xx.cmsis.driver.library/Debug/liblpc17xx.cmsis.driver.library.a(lpc17xx_pinsel.o)
 .text.set_ResistorMode
                0x00007e4c       0x9c /home/nishad/fbaseboard_workspace/lpc17xx.cmsis.driver.library/Debug/liblpc17xx.cmsis.driver.library.a(lpc17xx_pinsel.o)
 .text.set_OpenDrainMode
                0x00007ee8       0x7c /home/nishad/fbaseboard_workspace/lpc17xx.cmsis.driver.library/Debug/liblpc17xx.cmsis.driver.library.a(lpc17xx_pinsel.o)
 .text.PINSEL_ConfigPin
                0x00007f64       0x54 /home/nishad/fbaseboard_workspace/lpc17xx.cmsis.driver.library/Debug/liblpc17xx.cmsis.driver.library.a(lpc17xx_pinsel.o)
                0x00007f64                PINSEL_ConfigPin
 .text.setSSPclock
                0x00007fb8       0xf8 /home/nishad/fbaseboard_workspace/lpc17xx.cmsis.driver.library/Debug/liblpc17xx.cmsis.driver.library.a(lpc17xx_ssp.o)
 .text.SSP_Init
                0x000080b0       0xbc /home/nishad/fbaseboard_workspace/lpc17xx.cmsis.driver.library/Debug/liblpc17xx.cmsis.driver.library.a(lpc17xx_ssp.o)
                0x000080b0                SSP_Init
 .text.SSP_DeInit
                0x0000816c       0x74 /home/nishad/fbaseboard_workspace/lpc17xx.cmsis.driver.library/Debug/liblpc17xx.cmsis.driver.library.a(lpc17xx_ssp.o)
                0x0000816c                SSP_DeInit
 .text.SSP_GetDataSize
                0x000081e0       0x4c /home/nishad/fbaseboard_workspace/lpc17xx.cmsis.driver.library/Debug/liblpc17xx.cmsis.driver.library.a(lpc17xx_ssp.o)
                0x000081e0                SSP_GetDataSize
 .text.SSP_ConfigStructInit
                0x0000822c       0x48 /home/nishad/fbaseboard_workspace/lpc17xx.cmsis.driver.library/Debug/liblpc17xx.cmsis.driver.library.a(lpc17xx_ssp.o)
                0x0000822c                SSP_ConfigStructInit
 .text.SSP_Cmd  0x00008274       0x7c /home/nishad/fbaseboard_workspace/lpc17xx.cmsis.driver.library/Debug/liblpc17xx.cmsis.driver.library.a(lpc17xx_ssp.o)
                0x00008274                SSP_Cmd
 .text.SSP_SendData
                0x000082f0       0x48 /home/nishad/fbaseboard_workspace/lpc17xx.cmsis.driver.library/Debug/liblpc17xx.cmsis.driver.library.a(lpc17xx_ssp.o)
                0x000082f0                SSP_SendData
 .text.SSP_ReceiveData
                0x00008338       0x44 /home/nishad/fbaseboard_workspace/lpc17xx.cmsis.driver.library/Debug/liblpc17xx.cmsis.driver.library.a(lpc17xx_ssp.o)
                0x00008338                SSP_ReceiveData
 .text.SSP_ReadWrite
                0x0000837c      0x390 /home/nishad/fbaseboard_workspace/lpc17xx.cmsis.driver.library/Debug/liblpc17xx.cmsis.driver.library.a(lpc17xx_ssp.o)
                0x0000837c                SSP_ReadWrite
 .text.SSP_IntConfig
                0x0000870c       0x70 /home/nishad/fbaseboard_workspace/lpc17xx.cmsis.driver.library/Debug/liblpc17xx.cmsis.driver.library.a(lpc17xx_ssp.o)
                0x0000870c                SSP_IntConfig
 .text.uart_set_divisors
                0x0000877c      0x26c /home/nishad/fbaseboard_workspace/lpc17xx.cmsis.driver.library/Debug/liblpc17xx.cmsis.driver.library.a(lpc17xx_uart.o)
 .text.UART_Init
                0x000089e8      0x368 /home/nishad/fbaseboard_workspace/lpc17xx.cmsis.driver.library/Debug/liblpc17xx.cmsis.driver.library.a(lpc17xx_uart.o)
                0x000089e8                UART_Init
 .text.UART_SendByte
                0x00008d50       0x78 /home/nishad/fbaseboard_workspace/lpc17xx.cmsis.driver.library/Debug/liblpc17xx.cmsis.driver.library.a(lpc17xx_uart.o)
                0x00008d50                UART_SendByte
 .text.UART_ReceiveByte
                0x00008dc8       0x78 /home/nishad/fbaseboard_workspace/lpc17xx.cmsis.driver.library/Debug/liblpc17xx.cmsis.driver.library.a(lpc17xx_uart.o)
                0x00008dc8                UART_ReceiveByte
 .text.UART_Send
                0x00008e40      0x10c /home/nishad/fbaseboard_workspace/lpc17xx.cmsis.driver.library/Debug/liblpc17xx.cmsis.driver.library.a(lpc17xx_uart.o)
                0x00008e40                UART_Send
 .text.UART_Receive
                0x00008f4c       0xd8 /home/nishad/fbaseboard_workspace/lpc17xx.cmsis.driver.library/Debug/liblpc17xx.cmsis.driver.library.a(lpc17xx_uart.o)
                0x00008f4c                UART_Receive
 .text.UART_IntConfig
                0x00009024      0x1c8 /home/nishad/fbaseboard_workspace/lpc17xx.cmsis.driver.library/Debug/liblpc17xx.cmsis.driver.library.a(lpc17xx_uart.o)
                0x00009024                UART_IntConfig
 .text.UART_GetIntId
                0x000091ec       0x68 /home/nishad/fbaseboard_workspace/lpc17xx.cmsis.driver.library/Debug/liblpc17xx.cmsis.driver.library.a(lpc17xx_uart.o)
                0x000091ec                UART_GetIntId
 .text.UART_CheckBusy
                0x00009254       0x2c /home/nishad/fbaseboard_workspace/lpc17xx.cmsis.driver.library/Debug/liblpc17xx.cmsis.driver.library.a(lpc17xx_uart.o)
                0x00009254                UART_CheckBusy
 .text.UART_FIFOConfig
                0x00009280      0x184 /home/nishad/fbaseboard_workspace/lpc17xx.cmsis.driver.library/Debug/liblpc17xx.cmsis.driver.library.a(lpc17xx_uart.o)
                0x00009280                UART_FIFOConfig
 .text.UART_TxCmd
                0x00009404       0xe8 /home/nishad/fbaseboard_workspace/lpc17xx.cmsis.driver.library/Debug/liblpc17xx.cmsis.driver.library.a(lpc17xx_uart.o)
                0x00009404                UART_TxCmd
 .text.CLKPWR_SetPCLKDiv
                0x000094ec       0xcc /home/nishad/fbaseboard_workspace/lpc17xx.cmsis.driver.library/Debug/liblpc17xx.cmsis.driver.library.a(lpc17xx_clkpwr.o)
                0x000094ec                CLKPWR_SetPCLKDiv
 .text.CLKPWR_GetPCLKSEL
                0x000095b8       0x54 /home/nishad/fbaseboard_workspace/lpc17xx.cmsis.driver.library/Debug/liblpc17xx.cmsis.driver.library.a(lpc17xx_clkpwr.o)
                0x000095b8                CLKPWR_GetPCLKSEL
 .text.CLKPWR_GetPCLK
                0x0000960c       0x74 /home/nishad/fbaseboard_workspace/lpc17xx.cmsis.driver.library/Debug/liblpc17xx.cmsis.driver.library.a(lpc17xx_clkpwr.o)
                0x0000960c                CLKPWR_GetPCLK
 .text.CLKPWR_ConfigPPWR
                0x00009680       0x78 /home/nishad/fbaseboard_workspace/lpc17xx.cmsis.driver.library/Debug/liblpc17xx.cmsis.driver.library.a(lpc17xx_clkpwr.o)
                0x00009680                CLKPWR_ConfigPPWR
 .text.SystemInit
                0x000096f8       0xe4 /home/nishad/fbaseboard_workspace/CMSISv2p00_LPC17xx/Debug/libCMSISv2p00_LPC17xx.a(system_LPC17xx.o)
                0x000096f8                SystemInit
 .text.__main   0x000097dc       0x14 /usr/local/lpcxpresso_6.1.4_194/lpcxpresso/tools/bin/../lib/gcc/arm-none-eabi/4.6.2/../../../../arm-none-eabi/lib/armv7-m/libcr_nohost.a(_cr__main.o)
                0x000097dc                __main
 .text.memcpy   0x000097f0        0x4 /usr/local/lpcxpresso_6.1.4_194/lpcxpresso/tools/bin/../lib/gcc/arm-none-eabi/4.6.2/../../../../arm-none-eabi/lib/armv7-m/libcr_c.a(memcpy.o)
                0x000097f0                memcpy
 .text.memset   0x000097f4        0x4 /usr/local/lpcxpresso_6.1.4_194/lpcxpresso/tools/bin/../lib/gcc/arm-none-eabi/4.6.2/../../../../arm-none-eabi/lib/armv7-m/libcr_c.a(memset.o)
                0x000097f4                memset
 .text._initio  0x000097f8       0x9c /usr/local/lpcxpresso_6.1.4_194/lpcxpresso/tools/bin/../lib/gcc/arm-none-eabi/4.6.2/../../../../arm-none-eabi/lib/armv7-m/libcr_c.a(initio.o)
                0x000097f8                _initio
 .text.memcmp   0x00009894       0x38 /usr/local/lpcxpresso_6.1.4_194/lpcxpresso/tools/bin/../lib/gcc/arm-none-eabi/4.6.2/../../../../arm-none-eabi/lib/armv7-m/libcr_c.a(memcmp.o)
                0x00009894                memcmp
 .text.ch_val   0x000098cc       0x34 /usr/local/lpcxpresso_6.1.4_194/lpcxpresso/tools/bin/../lib/gcc/arm-none-eabi/4.6.2/../../../../arm-none-eabi/lib/armv7-m/libcr_c.a(scanf.o)
 .text._strtoul
                0x00009900       0xc8 /usr/local/lpcxpresso_6.1.4_194/lpcxpresso/tools/bin/../lib/gcc/arm-none-eabi/4.6.2/../../../../arm-none-eabi/lib/armv7-m/libcr_c.a(scanf.o)
 .text.strtol   0x000099c8       0x7c /usr/local/lpcxpresso_6.1.4_194/lpcxpresso/tools/bin/../lib/gcc/arm-none-eabi/4.6.2/../../../../arm-none-eabi/lib/armv7-m/libcr_c.a(scanf.o)
                0x000099c8                strtol
 .text.atol     0x00009a44       0x18 /usr/local/lpcxpresso_6.1.4_194/lpcxpresso/tools/bin/../lib/gcc/arm-none-eabi/4.6.2/../../../../arm-none-eabi/lib/armv7-m/libcr_c.a(scanf.o)
                0x00009a44                atol
 .text.setvbuf  0x00009a5c       0x48 /usr/local/lpcxpresso_6.1.4_194/lpcxpresso/tools/bin/../lib/gcc/arm-none-eabi/4.6.2/../../../../arm-none-eabi/lib/armv7-m/libcr_c.a(setvbuf.o)
                0x00009a5c                setvbuf
 .text.strcat   0x00009aa4       0x1c /usr/local/lpcxpresso_6.1.4_194/lpcxpresso/tools/bin/../lib/gcc/arm-none-eabi/4.6.2/../../../../arm-none-eabi/lib/armv7-m/libcr_c.a(strcat.o)
                0x00009aa4                strcat
 .text.strcmp   0x00009ac0       0x3c /usr/local/lpcxpresso_6.1.4_194/lpcxpresso/tools/bin/../lib/gcc/arm-none-eabi/4.6.2/../../../../arm-none-eabi/lib/armv7-m/libcr_c.a(strcmp.o)
                0x00009ac0                strcmp
 .text.strcpy   0x00009afc       0x44 /usr/local/lpcxpresso_6.1.4_194/lpcxpresso/tools/bin/../lib/gcc/arm-none-eabi/4.6.2/../../../../arm-none-eabi/lib/armv7-m/libcr_c.a(strcpy.o)
                0x00009afc                strcpy
 .text.strlen   0x00009b40       0x4c /usr/local/lpcxpresso_6.1.4_194/lpcxpresso/tools/bin/../lib/gcc/arm-none-eabi/4.6.2/../../../../arm-none-eabi/lib/armv7-m/libcr_c.a(strlen.o)
                0x00009b40                strlen
 .text.strncat  0x00009b8c       0x24 /usr/local/lpcxpresso_6.1.4_194/lpcxpresso/tools/bin/../lib/gcc/arm-none-eabi/4.6.2/../../../../arm-none-eabi/lib/armv7-m/libcr_c.a(strncat.o)
                0x00009b8c                strncat
 .text.strncmp  0x00009bb0       0x4e /usr/local/lpcxpresso_6.1.4_194/lpcxpresso/tools/bin/../lib/gcc/arm-none-eabi/4.6.2/../../../../arm-none-eabi/lib/armv7-m/libcr_c.a(strncmp.o)
                0x00009bb0                strncmp
 .text.strncpy  0x00009bfe       0x54 /usr/local/lpcxpresso_6.1.4_194/lpcxpresso/tools/bin/../lib/gcc/arm-none-eabi/4.6.2/../../../../arm-none-eabi/lib/armv7-m/libcr_c.a(strncpy.o)
                0x00009bfe                strncpy
 .text._deferredlazyseek
                0x00009c52       0x44 /usr/local/lpcxpresso_6.1.4_194/lpcxpresso/tools/bin/../lib/gcc/arm-none-eabi/4.6.2/../../../../arm-none-eabi/lib/armv7-m/libcr_c.a(_deferredlazyseek.o)
                0x00009c52                _deferredlazyseek
 .text._fdopen  0x00009c96       0x6c /usr/local/lpcxpresso_6.1.4_194/lpcxpresso/tools/bin/../lib/gcc/arm-none-eabi/4.6.2/../../../../arm-none-eabi/lib/armv7-m/libcr_c.a(_fdopen.o)
                0x00009c96                _fdopen
 .text._fflush  0x00009d02       0x58 /usr/local/lpcxpresso_6.1.4_194/lpcxpresso/tools/bin/../lib/gcc/arm-none-eabi/4.6.2/../../../../arm-none-eabi/lib/armv7-m/libcr_c.a(_fflush.o)
                0x00009d02                _fflush
 *fill*         0x00009d5a        0x2 00
 .text._Cwritebuf
                0x00009d5c       0x84 /usr/local/lpcxpresso_6.1.4_194/lpcxpresso/tools/bin/../lib/gcc/arm-none-eabi/4.6.2/../../../../arm-none-eabi/lib/armv7-m/libcr_c.a(_writebuf.o)
                0x00009d5c                _Cwritebuf
 .text.malloc   0x00009de0       0xbc /usr/local/lpcxpresso_6.1.4_194/lpcxpresso/tools/bin/../lib/gcc/arm-none-eabi/4.6.2/../../../../arm-none-eabi/lib/armv7-m/libcr_c.a(alloc.o)
                0x00009de0                malloc
 .text.free     0x00009e9c        0xc /usr/local/lpcxpresso_6.1.4_194/lpcxpresso/tools/bin/../lib/gcc/arm-none-eabi/4.6.2/../../../../arm-none-eabi/lib/armv7-m/libcr_c.a(alloc.o)
                0x00009e9c                free
 .text._Csys_alloc
                0x00009ea8       0x20 /usr/local/lpcxpresso_6.1.4_194/lpcxpresso/tools/bin/../lib/gcc/arm-none-eabi/4.6.2/../../../../arm-none-eabi/lib/armv7-m/libcr_c.a(alloc.o)
                0x00009ea8                _Csys_alloc
 .text.fclose   0x00009ec8       0x6c /usr/local/lpcxpresso_6.1.4_194/lpcxpresso/tools/bin/../lib/gcc/arm-none-eabi/4.6.2/../../../../arm-none-eabi/lib/armv7-m/libcr_c.a(fclose.o)
                0x00009ec8                fclose
 .text.fflush   0x00009f34       0x34 /usr/local/lpcxpresso_6.1.4_194/lpcxpresso/tools/bin/../lib/gcc/arm-none-eabi/4.6.2/../../../../arm-none-eabi/lib/armv7-m/libcr_c.a(fflush.o)
                0x00009f34                fflush
 .text.fseek    0x00009f68      0x104 /usr/local/lpcxpresso_6.1.4_194/lpcxpresso/tools/bin/../lib/gcc/arm-none-eabi/4.6.2/../../../../arm-none-eabi/lib/armv7-m/libcr_c.a(fseek.o)
                0x00009f68                fseek
 .text.ftell    0x0000a06c       0x4c /usr/local/lpcxpresso_6.1.4_194/lpcxpresso/tools/bin/../lib/gcc/arm-none-eabi/4.6.2/../../../../arm-none-eabi/lib/armv7-m/libcr_c.a(ftell.o)
                0x0000a06c                ftell
 .text.remove   0x0000a0b8       0x14 /usr/local/lpcxpresso_6.1.4_194/lpcxpresso/tools/bin/../lib/gcc/arm-none-eabi/4.6.2/../../../../arm-none-eabi/lib/armv7-m/libcr_c.a(remove.o)
                0x0000a0b8                remove
 .text._do_fflush
                0x0000a0cc       0x42 /usr/local/lpcxpresso_6.1.4_194/lpcxpresso/tools/bin/../lib/gcc/arm-none-eabi/4.6.2/../../../../arm-none-eabi/lib/armv7-m/libcr_c.a(_do_fflush.o)
                0x0000a0cc                _do_fflush
 .text.__aeabi_memcpy
                0x0000a10e       0x26 /usr/local/lpcxpresso_6.1.4_194/lpcxpresso/tools/bin/../lib/gcc/arm-none-eabi/4.6.2/armv7-m/libcr_eabihelpers.a(memcpy.o)
                0x0000a10e                __aeabi_memcpy
                0x0000a10e                __aeabi_memcpy4
                0x0000a10e                __aeabi_memcpy8
 .text.__aeabi_memset_lowlevel
                0x0000a134       0x24 /usr/local/lpcxpresso_6.1.4_194/lpcxpresso/tools/bin/../lib/gcc/arm-none-eabi/4.6.2/armv7-m/libcr_eabihelpers.a(memcpy.o)
                0x0000a134                __aeabi_lowlevel_memset
 .text.__sys_appexit
                0x0000a158        0x2 /usr/local/lpcxpresso_6.1.4_194/lpcxpresso/tools/bin/../lib/gcc/arm-none-eabi/4.6.2/../../../../arm-none-eabi/lib/armv7-m/libcr_nohost.a(__sys_appexit.o)
                0x0000a158                __exit
                0x0000a158                __sys_appexit
 .text.__sys_close
                0x0000a15a        0x6 /usr/local/lpcxpresso_6.1.4_194/lpcxpresso/tools/bin/../lib/gcc/arm-none-eabi/4.6.2/../../../../arm-none-eabi/lib/armv7-m/libcr_nohost.a(__sys_close.o)
                0x0000a15a                __sys_close
 .text.__sys_flen
                0x0000a160        0x6 /usr/local/lpcxpresso_6.1.4_194/lpcxpresso/tools/bin/../lib/gcc/arm-none-eabi/4.6.2/../../../../arm-none-eabi/lib/armv7-m/libcr_nohost.a(__sys_flen.o)
                0x0000a160                __sys_flen
 .text.__sys_istty
                0x0000a166        0x6 /usr/local/lpcxpresso_6.1.4_194/lpcxpresso/tools/bin/../lib/gcc/arm-none-eabi/4.6.2/../../../../arm-none-eabi/lib/armv7-m/libcr_nohost.a(__sys_istty.o)
                0x0000a166                __sys_istty
 .text.__sys_remove
                0x0000a16c        0x6 /usr/local/lpcxpresso_6.1.4_194/lpcxpresso/tools/bin/../lib/gcc/arm-none-eabi/4.6.2/../../../../arm-none-eabi/lib/armv7-m/libcr_nohost.a(__sys_remove.o)
                0x0000a16c                __sys_remove
 .text.__sys_seek
                0x0000a172        0x6 /usr/local/lpcxpresso_6.1.4_194/lpcxpresso/tools/bin/../lib/gcc/arm-none-eabi/4.6.2/../../../../arm-none-eabi/lib/armv7-m/libcr_nohost.a(__sys_seek.o)
                0x0000a172                __sys_seek
 .text.__sys_tmpnam
                0x0000a178        0x6 /usr/local/lpcxpresso_6.1.4_194/lpcxpresso/tools/bin/../lib/gcc/arm-none-eabi/4.6.2/../../../../arm-none-eabi/lib/armv7-m/libcr_nohost.a(__sys_tmpnam.o)
                0x0000a178                __sys_tmpnam
 .text.__sys_write
                0x0000a17e        0x4 /usr/local/lpcxpresso_6.1.4_194/lpcxpresso/tools/bin/../lib/gcc/arm-none-eabi/4.6.2/../../../../arm-none-eabi/lib/armv7-m/libcr_nohost.a(__sys_write.o)
                0x0000a17e                __write
                0x0000a17e                __sys_write
 *fill*         0x0000a182        0x2 00
 .text._sbrk    0x0000a184       0x40 /usr/local/lpcxpresso_6.1.4_194/lpcxpresso/tools/bin/../lib/gcc/arm-none-eabi/4.6.2/../../../../arm-none-eabi/lib/armv7-m/libcr_nohost.a(_cr_sbrk.o)
                0x0000a184                _sbrk
 .text.__check_heap_overflow
                0x0000a1c4       0x2c /usr/local/lpcxpresso_6.1.4_194/lpcxpresso/tools/bin/../lib/gcc/arm-none-eabi/4.6.2/../../../../arm-none-eabi/lib/armv7-m/libcr_nohost.a(_cr_check_heap.o)
                0x0000a1c4                __check_heap_overflow
 *(.rodata .rodata.* .constdata .constdata.*)
 .rodata.heapSTRUCT_SIZE
                0x0000a1f0        0x2 ./Source/FreeRTOS-Products/FreeRTOS/portable/MemMang/heap_2.o
 *fill*         0x0000a1f2        0x2 00
 .rodata.xIRQ   0x0000a1f4        0x4 ./Source/FreeRTOS-Products/FreeRTOS-Plus-IO/Device/LPC17xx/FreeRTOS_lpc17xx_i2c.o
 .rodata.xIRQ   0x0000a1f8        0x4 ./Source/FreeRTOS-Products/FreeRTOS-Plus-IO/Device/LPC17xx/FreeRTOS_lpc17xx_ssp.o
 .rodata.xIRQ   0x0000a1fc        0x4 ./Source/FreeRTOS-Products/FreeRTOS-Plus-IO/Device/LPC17xx/FreeRTOS_lpc17xx_uart.o
 .rodata        0x0000a200       0x18 ./Source/FreeRTOS-Products/FreeRTOS-Plus-IO/Common/FreeRTOS_DriverInterface.o
 .rodata.xAvailablePeripherals
                0x0000a218       0x24 ./Source/FreeRTOS-Products/FreeRTOS-Plus-IO/Common/FreeRTOS_DriverInterface.o
 .rodata        0x0000a23c       0xe0 ./Source/FreeRTOS-Products/FreeRTOS-Plus-CLI/FreeRTOS_CLI.o
 .rodata.xHelpCommand
                0x0000a31c       0x10 ./Source/FreeRTOS-Products/FreeRTOS-Plus-CLI/FreeRTOS_CLI.o
 .rodata        0x0000a32c       0x50 ./Source/FreeRTOS-Products/FreeRTOS/tasks.o
 .rodata.ucExpectedStackBytes.4450
                0x0000a37c       0x14 ./Source/FreeRTOS-Products/FreeRTOS/tasks.o
 .rodata        0x0000a390        0x8 ./Source/FreeRTOS-Products/FreeRTOS/timers.o
 .rodata        0x0000a398      0x464 ./Source/Examples/UART/CLI-commands.o
 .rodata.prvRunTimeStatsCommandDefinition
                0x0000a7fc       0x10 ./Source/Examples/UART/CLI-commands.o
 .rodata.prvTaskStatsCommandDefinition
                0x0000a80c       0x10 ./Source/Examples/UART/CLI-commands.o
 .rodata.prvThreeParameterEchoCommandDefinition
                0x0000a81c       0x10 ./Source/Examples/UART/CLI-commands.o
 .rodata.prvMultiParameterEchoCommandDefinition
                0x0000a82c       0x10 ./Source/Examples/UART/CLI-commands.o
 .rodata.prvCreateTaskCommandDefinition
                0x0000a83c       0x10 ./Source/Examples/UART/CLI-commands.o
 .rodata.prvDeleteTaskCommandDefinition
                0x0000a84c       0x10 ./Source/Examples/UART/CLI-commands.o
 .rodata        0x0000a85c       0xa0 ./Source/Examples/UART/UART-interrupt-driven-command-console.o
 .rodata.pcWelcomeMessage
                0x0000a8fc        0x4 ./Source/Examples/UART/UART-interrupt-driven-command-console.o
 .rodata.pcNewLine
                0x0000a900        0x4 ./Source/Examples/UART/UART-interrupt-driven-command-console.o
 .rodata.pcEndOfCommandOutputString
                0x0000a904        0x4 ./Source/Examples/UART/UART-interrupt-driven-command-console.o
 .rodata.pcStringOfDigits
                0x0000a908        0xc ./Source/Examples/SSP/SPI-writes-to-7-seg-display.o
 .rodata        0x0000a914       0x10 ./Source/Examples/SSP/SPI-writes-to-7-seg-display.o
 .rodata        0x0000a924       0x40 ./Source/Examples/I2C/I2C-coordinator.o
 .rodata        0x0000a964       0x28 ./Source/Examples/I2C/I2C-to-OLED.o
 .rodata.font5x7
                0x0000a98c      0x300 ./Source/Examples/I2C/font5x7.o
                0x0000a98c                font5x7
 .rodata.pucFrameBuffer
                0x0000ac8c        0x4 ./Source/Examples/I2C/oled.o
 .rodata.ucByteBitMasks
                0x0000ac90        0x8 ./Source/Examples/I2C/oled.o
 .rodata.ucInitData
                0x0000ac98       0x44 ./Source/Examples/I2C/oled.o
                0x0000ac98                ucInitData
 .rodata.ucLEDPorts
                0x0000acdc        0x4 ./Source/Examples/GPIO/GPIO-output-and-software-timers.o
                0x0000acdc                ucLEDPorts
 .rodata        0x0000ace0        0x8 ./Source/Examples/GPIO/GPIO-output-and-software-timers.o
 .rodata        0x0000ace8        0x8 ./Source/printf-stdarg.o
 .rodata        0x0000acf0       0x18 /home/nishad/fbaseboard_workspace/lpc17xx.cmsis.driver.library/Debug/liblpc17xx.cmsis.driver.library.a(lpc17xx_i2c.o)
 .rodata        0x0000ad08       0x18 /home/nishad/fbaseboard_workspace/lpc17xx.cmsis.driver.library/Debug/liblpc17xx.cmsis.driver.library.a(lpc17xx_ssp.o)
 .rodata        0x0000ad20       0x1c /home/nishad/fbaseboard_workspace/lpc17xx.cmsis.driver.library/Debug/liblpc17xx.cmsis.driver.library.a(lpc17xx_uart.o)
 .rodata.str1.1
                0x0000ad3c        0x4 /usr/local/lpcxpresso_6.1.4_194/lpcxpresso/tools/bin/../lib/gcc/arm-none-eabi/4.6.2/../../../../arm-none-eabi/lib/armv7-m/libcr_c.a(initio.o)
 .rodata.str1.1
                0x0000ad40       0x18 /usr/local/lpcxpresso_6.1.4_194/lpcxpresso/tools/bin/../lib/gcc/arm-none-eabi/4.6.2/../../../../arm-none-eabi/lib/armv7-m/libcr_c.a(alloc.o)
 .rodata.__ctype
                0x0000ad58      0x180 /usr/local/lpcxpresso_6.1.4_194/lpcxpresso/tools/bin/../lib/gcc/arm-none-eabi/4.6.2/../../../../arm-none-eabi/lib/armv7-m/libcr_c.a(ctype.o)
                0x0000ad58                __ctype
                0x0000aed8                . = ALIGN (0x4)

.glue_7         0x0000aed8        0x0
 .glue_7        0x00000000        0x0 linker stubs

.glue_7t        0x0000aed8        0x0
 .glue_7t       0x00000000        0x0 linker stubs

.vfp11_veneer   0x0000aed8        0x0
 .vfp11_veneer  0x00000000        0x0 linker stubs

.v4_bx          0x0000aed8        0x0
 .v4_bx         0x00000000        0x0 linker stubs

.ARM.extab
 *(.ARM.extab* .gnu.linkonce.armextab.*)
                0x0000aed8                __exidx_start = .

.ARM.exidx
 *(.ARM.exidx* .gnu.linkonce.armexidx.*)
                0x0000aed8                __exidx_end = .
                0x0000aed8                _etext = .

.data_RAM2      0x2007c000        0x0 load address 0x0000aed8
 FILL mask 0xff
 *(.data.$RAM2*)
 *(.data.$RamAHB32*)
                0x2007c000                . = ALIGN (0x4)

.uninit_RESERVED
                0x10000000        0x0
 *(.bss.$RESERVED*)
                0x10000000                . = ALIGN (0x4)
                0x10000000                _end_uninit_RESERVED = .

.data           0x10000000       0x3c load address 0x0000aed8
 FILL mask 0xff
                0x10000000                _data = .
 *(vtable)
 *(.data*)
 .data.xFreeBytesRemaining
                0x10000000        0x4 ./Source/FreeRTOS-Products/FreeRTOS/portable/MemMang/heap_2.o
 .data.uxCriticalNesting
                0x10000004        0x4 ./Source/FreeRTOS-Products/FreeRTOS/portable/GCC/ARM_CM3/port.o
 .data.xRegisteredCommands
                0x10000008        0x8 ./Source/FreeRTOS-Products/FreeRTOS-Plus-CLI/FreeRTOS_CLI.o
 .data.pxLastCommandInList.3957
                0x10000010        0x4 ./Source/FreeRTOS-Products/FreeRTOS-Plus-CLI/FreeRTOS_CLI.o
 .data.xNextTaskUnblockTime
                0x10000014        0x4 ./Source/FreeRTOS-Products/FreeRTOS/tasks.o
 .data.pcSuccessMessage.4335
                0x10000018        0x4 ./Source/Examples/UART/CLI-commands.o
 .data.pcFailureMessage.4336
                0x1000001c        0x4 ./Source/Examples/UART/CLI-commands.o
 .data.pcTaskAlreadyCreatedMessage.4327
                0x10000020        0x4 ./Source/Examples/UART/CLI-commands.o
 .data.pcSuccessMessage.4325
                0x10000024        0x4 ./Source/Examples/UART/CLI-commands.o
 .data.pcFailureMessage.4326
                0x10000028        0x4 ./Source/Examples/UART/CLI-commands.o
 .data.ulLEDBits
                0x1000002c        0x8 ./Source/Examples/GPIO/GPIO-output-and-software-timers.o
                0x1000002c                ulLEDBits
 .data.ucState.5546
                0x10000034        0x1 ./Source/Examples/GPIO/GPIO-output-and-software-timers.o
 *fill*         0x10000035        0x3 00
 .data.SystemCoreClock
                0x10000038        0x4 /home/nishad/fbaseboard_workspace/CMSISv2p00_LPC17xx/Debug/libCMSISv2p00_LPC17xx.a(system_LPC17xx.o)
                0x10000038                SystemCoreClock
                0x1000003c                . = ALIGN (0x4)
                0x1000003c                _edata = .

.bss_RAM2       0x2007c000        0x0
 *(.bss.$RAM2*)
 *(.bss.$RamAHB32*)
                0x2007c000                . = ALIGN (0x4)

.bss            0x10000040     0x4818
                0x10000040                _bss = .
 *(.bss*)
 .bss.xHeap     0x10000040     0x3c00 ./Source/FreeRTOS-Products/FreeRTOS/portable/MemMang/heap_2.o
 .bss.xStart    0x10003c40        0x8 ./Source/FreeRTOS-Products/FreeRTOS/portable/MemMang/heap_2.o
 .bss.xEnd      0x10003c48        0x8 ./Source/FreeRTOS-Products/FreeRTOS/portable/MemMang/heap_2.o
 .bss.xHeapHasBeenInitialised.3992
                0x10003c50        0x4 ./Source/FreeRTOS-Products/FreeRTOS/portable/MemMang/heap_2.o
 .bss.pxTxTransferControlStructs
                0x10003c54        0xc ./Source/FreeRTOS-Products/FreeRTOS-Plus-IO/Device/LPC17xx/FreeRTOS_lpc17xx_i2c.o
 .bss.pxRxTransferControlStructs
                0x10003c60        0xc ./Source/FreeRTOS-Products/FreeRTOS-Plus-IO/Device/LPC17xx/FreeRTOS_lpc17xx_i2c.o
 .bss.ucSlaveAddresses
                0x10003c6c        0x4 ./Source/FreeRTOS-Products/FreeRTOS-Plus-IO/Device/LPC17xx/FreeRTOS_lpc17xx_i2c.o
 .bss.xDataDirection
                0x10003c70        0x4 ./Source/FreeRTOS-Products/FreeRTOS-Plus-IO/Device/LPC17xx/FreeRTOS_lpc17xx_i2c.o
 .bss.xBytesOutstanding
                0x10003c74        0xc ./Source/FreeRTOS-Products/FreeRTOS-Plus-IO/Device/LPC17xx/FreeRTOS_lpc17xx_i2c.o
 .bss.pxTxTransferControlStructs
                0x10003c80        0x8 ./Source/FreeRTOS-Products/FreeRTOS-Plus-IO/Device/LPC17xx/FreeRTOS_lpc17xx_ssp.o
 .bss.pxRxTransferControlStructs
                0x10003c88        0x8 ./Source/FreeRTOS-Products/FreeRTOS-Plus-IO/Device/LPC17xx/FreeRTOS_lpc17xx_ssp.o
 .bss.ulReceiveActive
                0x10003c90        0x8 ./Source/FreeRTOS-Products/FreeRTOS-Plus-IO/Device/LPC17xx/FreeRTOS_lpc17xx_ssp.o
 .bss.xSSPConfigurations
                0x10003c98       0x30 ./Source/FreeRTOS-Products/FreeRTOS-Plus-IO/Device/LPC17xx/FreeRTOS_lpc17xx_ssp.o
 .bss.pxTxTransferControlStructs
                0x10003cc8       0x10 ./Source/FreeRTOS-Products/FreeRTOS-Plus-IO/Device/LPC17xx/FreeRTOS_lpc17xx_uart.o
 .bss.pxRxTransferControlStructs
                0x10003cd8       0x10 ./Source/FreeRTOS-Products/FreeRTOS-Plus-IO/Device/LPC17xx/FreeRTOS_lpc17xx_uart.o
 .bss.cOutputBuffer
                0x10003ce8      0x400 ./Source/FreeRTOS-Products/FreeRTOS-Plus-CLI/FreeRTOS_CLI.o
 .bss.pxCommand.4001
                0x100040e8        0x4 ./Source/FreeRTOS-Products/FreeRTOS-Plus-CLI/FreeRTOS_CLI.o
 .bss.pxCommand.3967
                0x100040ec        0x4 ./Source/FreeRTOS-Products/FreeRTOS-Plus-CLI/FreeRTOS_CLI.o
 .bss.pxCurrentTCB
                0x100040f0        0x4 ./Source/FreeRTOS-Products/FreeRTOS/tasks.o
                0x100040f0                pxCurrentTCB
 .bss.pxReadyTasksLists
                0x100040f4       0x8c ./Source/FreeRTOS-Products/FreeRTOS/tasks.o
 .bss.xDelayedTaskList1
                0x10004180       0x14 ./Source/FreeRTOS-Products/FreeRTOS/tasks.o
 .bss.xDelayedTaskList2
                0x10004194       0x14 ./Source/FreeRTOS-Products/FreeRTOS/tasks.o
 .bss.pxDelayedTaskList
                0x100041a8        0x4 ./Source/FreeRTOS-Products/FreeRTOS/tasks.o
 .bss.pxOverflowDelayedTaskList
                0x100041ac        0x4 ./Source/FreeRTOS-Products/FreeRTOS/tasks.o
 .bss.xPendingReadyList
                0x100041b0       0x14 ./Source/FreeRTOS-Products/FreeRTOS/tasks.o
 .bss.xTasksWaitingTermination
                0x100041c4       0x14 ./Source/FreeRTOS-Products/FreeRTOS/tasks.o
 .bss.uxTasksDeleted
                0x100041d8        0x4 ./Source/FreeRTOS-Products/FreeRTOS/tasks.o
 .bss.xSuspendedTaskList
                0x100041dc       0x14 ./Source/FreeRTOS-Products/FreeRTOS/tasks.o
 .bss.uxCurrentNumberOfTasks
                0x100041f0        0x4 ./Source/FreeRTOS-Products/FreeRTOS/tasks.o
 .bss.xTickCount
                0x100041f4        0x4 ./Source/FreeRTOS-Products/FreeRTOS/tasks.o
 .bss.uxTopUsedPriority
                0x100041f8        0x4 ./Source/FreeRTOS-Products/FreeRTOS/tasks.o
 .bss.uxTopReadyPriority
                0x100041fc        0x4 ./Source/FreeRTOS-Products/FreeRTOS/tasks.o
 .bss.xSchedulerRunning
                0x10004200        0x4 ./Source/FreeRTOS-Products/FreeRTOS/tasks.o
 .bss.uxSchedulerSuspended
                0x10004204        0x4 ./Source/FreeRTOS-Products/FreeRTOS/tasks.o
 .bss.uxMissedTicks
                0x10004208        0x4 ./Source/FreeRTOS-Products/FreeRTOS/tasks.o
 .bss.xMissedYield
                0x1000420c        0x4 ./Source/FreeRTOS-Products/FreeRTOS/tasks.o
 .bss.xNumOfOverflows
                0x10004210        0x4 ./Source/FreeRTOS-Products/FreeRTOS/tasks.o
 .bss.uxTaskNumber
                0x10004214        0x4 ./Source/FreeRTOS-Products/FreeRTOS/tasks.o
 .bss.pcStatsString
                0x10004218       0x34 ./Source/FreeRTOS-Products/FreeRTOS/tasks.o
 .bss.ulTaskSwitchedInTime
                0x1000424c        0x4 ./Source/FreeRTOS-Products/FreeRTOS/tasks.o
 .bss.pcStatusString.4540
                0x10004250       0x2c ./Source/FreeRTOS-Products/FreeRTOS/tasks.o
 .bss.xActiveTimerList1
                0x1000427c       0x14 ./Source/FreeRTOS-Products/FreeRTOS/timers.o
 .bss.xActiveTimerList2
                0x10004290       0x14 ./Source/FreeRTOS-Products/FreeRTOS/timers.o
 .bss.pxCurrentTimerList
                0x100042a4        0x4 ./Source/FreeRTOS-Products/FreeRTOS/timers.o
 .bss.pxOverflowTimerList
                0x100042a8        0x4 ./Source/FreeRTOS-Products/FreeRTOS/timers.o
 .bss.xTimerQueue
                0x100042ac        0x4 ./Source/FreeRTOS-Products/FreeRTOS/timers.o
 .bss.xLastTime.4041
                0x100042b0        0x4 ./Source/FreeRTOS-Products/FreeRTOS/timers.o
 .bss.xCreatedTaskHandle
                0x100042b4        0x4 ./Source/Examples/UART/CLI-commands.o
 .bss.pucLocalBuffer.4342
                0x100042b8       0x3c ./Source/Examples/UART/CLI-commands.o
 .bss.xParameterNumber.4316
                0x100042f4        0x4 ./Source/Examples/UART/CLI-commands.o
 .bss.xParameterNumber.4305
                0x100042f8        0x4 ./Source/Examples/UART/CLI-commands.o
 .bss.xCommandConsoleTask
                0x100042fc        0x4 ./Source/Examples/UART/UART-interrupt-driven-command-console.o
 .bss.xConsoleUART
                0x10004300        0x4 ./Source/Examples/UART/UART-interrupt-driven-command-console.o
 .bss.cLastInputString.5586
                0x10004304       0x34 ./Source/Examples/UART/UART-interrupt-driven-command-console.o
 .bss.cInputString.5585
                0x10004338       0x34 ./Source/Examples/UART/UART-interrupt-driven-command-console.o
 .bss.ucDataBuffer
                0x1000436c       0x14 ./Source/Examples/I2C/I2C-to-and-from-EEPROM.o
 .bss.ucByte.5673
                0x10004380        0x1 ./Source/Examples/I2C/I2C-to-and-from-EEPROM.o
 .bss.ucValue.5674
                0x10004381        0x1 ./Source/Examples/I2C/I2C-to-and-from-EEPROM.o
 *fill*         0x10004382        0x2 00
 .bss.ucFrameBuffer
                0x10004384      0x304 ./Source/Examples/I2C/oled.o
 .bss.xI2CPort  0x10004688        0x4 ./Source/Examples/I2C/oled.o
 .bss.ucRowDirty
                0x1000468c        0x8 ./Source/Examples/I2C/oled.o
 .bss.xGPIOTimer
                0x10004694        0x4 ./Source/Examples/GPIO/GPIO-output-and-software-timers.o
 .bss.ucLED.5545
                0x10004698        0x1 ./Source/Examples/GPIO/GPIO-output-and-software-timers.o
 *fill*         0x10004699        0x3 00
 .bss.ulClocksPer10thOfAMilliSecond
                0x1000469c        0x4 ./Source/main.o
 .bss.i2cdat    0x100046a0       0x18 /home/nishad/fbaseboard_workspace/lpc17xx.cmsis.driver.library/Debug/liblpc17xx.cmsis.driver.library.a(lpc17xx_i2c.o)
 .bss.errno     0x100046b8        0x4 /usr/local/lpcxpresso_6.1.4_194/lpcxpresso/tools/bin/../lib/gcc/arm-none-eabi/4.6.2/../../../../arm-none-eabi/lib/armv7-m/libcr_c.a(errno.o)
                0x100046b8                errno
 *(COMMON)
 COMMON         0x100046bc       0x50 ./Source/FreeRTOS-Products/FreeRTOS/queue.o
                0x100046bc                xQueueRegistry
 COMMON         0x1000470c        0x4 /usr/local/lpcxpresso_6.1.4_194/lpcxpresso/tools/bin/../lib/gcc/arm-none-eabi/4.6.2/../../../../arm-none-eabi/lib/armv7-m/libcr_c.a(initio.o)
                0x1000470c                _extra
 COMMON         0x10004710      0x140 /usr/local/lpcxpresso_6.1.4_194/lpcxpresso/tools/bin/../lib/gcc/arm-none-eabi/4.6.2/../../../../arm-none-eabi/lib/armv7-m/libcr_c.a(stdio.o)
                0x10004710                __Ciob
 COMMON         0x10004850        0x8 /usr/local/lpcxpresso_6.1.4_194/lpcxpresso/tools/bin/../lib/gcc/arm-none-eabi/4.6.2/../../../../arm-none-eabi/lib/armv7-m/libcr_c.a(__init_alloc.o)
                0x10004850                __heaps
                0x10004854                __end_of_heap
                0x10004858                . = ALIGN (0x4)
                0x10004858                _ebss = .
                0x10004858                PROVIDE (end, .)

.noinit_RAM2    0x2007c000        0x0
 *(.noinit.$RAM2*)
 *(.noinit.$RamAHB32*)
                0x2007c000                . = ALIGN (0x4)

.noinit         0x10004858        0x0
                0x10004858                _noinit = .
 *(.noinit*)
                0x10004858                . = ALIGN (0x4)
                0x10004858                _end_noinit = .
                0x10004858                PROVIDE (_pvHeapStart, .)
                0x10008000                PROVIDE (_vStackTop, (__top_RamLoc32 - 0x0))
OUTPUT(FreeRTOS-Plus-Demo-1.axf elf32-littlearm)

.debug_info     0x00000000     0xf0bf
 .debug_info    0x00000000      0x2cc ./Source/FreeRTOS-Products/FreeRTOS/portable/MemMang/heap_2.o
 .debug_info    0x000002cc      0x254 ./Source/FreeRTOS-Products/FreeRTOS/portable/GCC/ARM_CM3/port.o
 .debug_info    0x00000520      0x2d6 ./Source/FreeRTOS-Products/FreeRTOS-Plus-IO/Device/LPC17xx/FreeRTOS_lpc17xx_DriverInterface.o
 .debug_info    0x000007f6      0xf71 ./Source/FreeRTOS-Products/FreeRTOS-Plus-IO/Device/LPC17xx/FreeRTOS_lpc17xx_i2c.o
 .debug_info    0x00001767      0xd36 ./Source/FreeRTOS-Products/FreeRTOS-Plus-IO/Device/LPC17xx/FreeRTOS_lpc17xx_ssp.o
 .debug_info    0x0000249d     0x1178 ./Source/FreeRTOS-Products/FreeRTOS-Plus-IO/Device/LPC17xx/FreeRTOS_lpc17xx_uart.o
 .debug_info    0x00003615      0x75b ./Source/FreeRTOS-Products/FreeRTOS-Plus-IO/Common/FreeRTOS_DriverInterface.o
 .debug_info    0x00003d70      0x29a ./Source/FreeRTOS-Products/FreeRTOS-Plus-IO/Common/FreeRTOS_IOUtils.o
 .debug_info    0x0000400a      0x60a ./Source/FreeRTOS-Products/FreeRTOS-Plus-IO/Common/IOUtils_CharQueueTxAndRx.o
 .debug_info    0x00004614      0x4b7 ./Source/FreeRTOS-Products/FreeRTOS-Plus-IO/Common/IOUtils_CircularBufferRx.o
 .debug_info    0x00004acb      0x419 ./Source/FreeRTOS-Products/FreeRTOS-Plus-IO/Common/IOUtils_ZeroCopyTx.o
 .debug_info    0x00004ee4      0x3d8 ./Source/FreeRTOS-Products/FreeRTOS-Plus-CLI/FreeRTOS_CLI.o
 .debug_info    0x000052bc      0x4d8 ./Source/FreeRTOS-Products/FreeRTOS/croutine.o
 .debug_info    0x00005794      0x2ae ./Source/FreeRTOS-Products/FreeRTOS/list.o
 .debug_info    0x00005a42      0xaa6 ./Source/FreeRTOS-Products/FreeRTOS/queue.o
 .debug_info    0x000064e8     0x11f8 ./Source/FreeRTOS-Products/FreeRTOS/tasks.o
 .debug_info    0x000076e0      0x761 ./Source/FreeRTOS-Products/FreeRTOS/timers.o
 .debug_info    0x00007e41      0x534 ./Source/Examples/UART/CLI-commands.o
 .debug_info    0x00008375      0x40b ./Source/Examples/UART/UART-interrupt-driven-command-console.o
 .debug_info    0x00008780      0x4ab ./Source/Examples/UART/UART-operation-modes-test.o
 .debug_info    0x00008c2b      0x38a ./Source/Examples/SSP/SPI-writes-to-7-seg-display.o
 .debug_info    0x00008fb5      0x160 ./Source/Examples/I2C/I2C-coordinator.o
 .debug_info    0x00009115      0x179 ./Source/Examples/I2C/I2C-to-OLED.o
 .debug_info    0x0000928e      0x405 ./Source/Examples/I2C/I2C-to-and-from-EEPROM.o
 .debug_info    0x00009693       0x65 ./Source/Examples/I2C/font5x7.o
 .debug_info    0x000096f8      0x658 ./Source/Examples/I2C/oled.o
 .debug_info    0x00009d50      0x1d0 ./Source/Examples/GPIO/GPIO-output-and-software-timers.o
 .debug_info    0x00009f20      0x38b ./Source/cr_startup_lpc176x.o
 .debug_info    0x0000a2ab      0x3f5 ./Source/main.o
 .debug_info    0x0000a6a0      0x3e0 ./Source/printf-stdarg.o
 .debug_info    0x0000aa80      0xe30 /home/nishad/fbaseboard_workspace/lpc17xx.cmsis.driver.library/Debug/liblpc17xx.cmsis.driver.library.a(lpc17xx_gpio.o)
 .debug_info    0x0000b8b0      0xdba /home/nishad/fbaseboard_workspace/lpc17xx.cmsis.driver.library/Debug/liblpc17xx.cmsis.driver.library.a(lpc17xx_i2c.o)
 .debug_info    0x0000c66a       0xd4 /home/nishad/fbaseboard_workspace/lpc17xx.cmsis.driver.library/Debug/liblpc17xx.cmsis.driver.library.a(lpc17xx_libcfg_default.o)
 .debug_info    0x0000c73e      0x4b9 /home/nishad/fbaseboard_workspace/lpc17xx.cmsis.driver.library/Debug/liblpc17xx.cmsis.driver.library.a(lpc17xx_pinsel.o)
 .debug_info    0x0000cbf7      0x78c /home/nishad/fbaseboard_workspace/lpc17xx.cmsis.driver.library/Debug/liblpc17xx.cmsis.driver.library.a(lpc17xx_ssp.o)
 .debug_info    0x0000d383     0x12d6 /home/nishad/fbaseboard_workspace/lpc17xx.cmsis.driver.library/Debug/liblpc17xx.cmsis.driver.library.a(lpc17xx_uart.o)
 .debug_info    0x0000e659      0x6d7 /home/nishad/fbaseboard_workspace/lpc17xx.cmsis.driver.library/Debug/liblpc17xx.cmsis.driver.library.a(lpc17xx_clkpwr.o)
 .debug_info    0x0000ed30      0x38f /home/nishad/fbaseboard_workspace/CMSISv2p00_LPC17xx/Debug/libCMSISv2p00_LPC17xx.a(system_LPC17xx.o)

.debug_abbrev   0x00000000     0x2fc8
 .debug_abbrev  0x00000000      0x16f ./Source/FreeRTOS-Products/FreeRTOS/portable/MemMang/heap_2.o
 .debug_abbrev  0x0000016f      0x174 ./Source/FreeRTOS-Products/FreeRTOS/portable/GCC/ARM_CM3/port.o
 .debug_abbrev  0x000002e3       0xd2 ./Source/FreeRTOS-Products/FreeRTOS-Plus-IO/Device/LPC17xx/FreeRTOS_lpc17xx_DriverInterface.o
 .debug_abbrev  0x000003b5      0x200 ./Source/FreeRTOS-Products/FreeRTOS-Plus-IO/Device/LPC17xx/FreeRTOS_lpc17xx_i2c.o
 .debug_abbrev  0x000005b5      0x1fc ./Source/FreeRTOS-Products/FreeRTOS-Plus-IO/Device/LPC17xx/FreeRTOS_lpc17xx_ssp.o
 .debug_abbrev  0x000007b1      0x252 ./Source/FreeRTOS-Products/FreeRTOS-Plus-IO/Device/LPC17xx/FreeRTOS_lpc17xx_uart.o
 .debug_abbrev  0x00000a03      0x164 ./Source/FreeRTOS-Products/FreeRTOS-Plus-IO/Common/FreeRTOS_DriverInterface.o
 .debug_abbrev  0x00000b67       0xb0 ./Source/FreeRTOS-Products/FreeRTOS-Plus-IO/Common/FreeRTOS_IOUtils.o
 .debug_abbrev  0x00000c17       0xfe ./Source/FreeRTOS-Products/FreeRTOS-Plus-IO/Common/IOUtils_CharQueueTxAndRx.o
 .debug_abbrev  0x00000d15       0xfe ./Source/FreeRTOS-Products/FreeRTOS-Plus-IO/Common/IOUtils_CircularBufferRx.o
 .debug_abbrev  0x00000e13       0xe9 ./Source/FreeRTOS-Products/FreeRTOS-Plus-IO/Common/IOUtils_ZeroCopyTx.o
 .debug_abbrev  0x00000efc      0x10e ./Source/FreeRTOS-Products/FreeRTOS-Plus-CLI/FreeRTOS_CLI.o
 .debug_abbrev  0x0000100a      0x188 ./Source/FreeRTOS-Products/FreeRTOS/croutine.o
 .debug_abbrev  0x00001192       0xba ./Source/FreeRTOS-Products/FreeRTOS/list.o
 .debug_abbrev  0x0000124c      0x137 ./Source/FreeRTOS-Products/FreeRTOS/queue.o
 .debug_abbrev  0x00001383      0x184 ./Source/FreeRTOS-Products/FreeRTOS/tasks.o
 .debug_abbrev  0x00001507      0x132 ./Source/FreeRTOS-Products/FreeRTOS/timers.o
 .debug_abbrev  0x00001639      0x139 ./Source/Examples/UART/CLI-commands.o
 .debug_abbrev  0x00001772      0x135 ./Source/Examples/UART/UART-interrupt-driven-command-console.o
 .debug_abbrev  0x000018a7      0x132 ./Source/Examples/UART/UART-operation-modes-test.o
 .debug_abbrev  0x000019d9      0x10f ./Source/Examples/SSP/SPI-writes-to-7-seg-display.o
 .debug_abbrev  0x00001ae8       0xcd ./Source/Examples/I2C/I2C-coordinator.o
 .debug_abbrev  0x00001bb5       0xc1 ./Source/Examples/I2C/I2C-to-OLED.o
 .debug_abbrev  0x00001c76      0x128 ./Source/Examples/I2C/I2C-to-and-from-EEPROM.o
 .debug_abbrev  0x00001d9e       0x4b ./Source/Examples/I2C/font5x7.o
 .debug_abbrev  0x00001de9      0x183 ./Source/Examples/I2C/oled.o
 .debug_abbrev  0x00001f6c       0xee ./Source/Examples/GPIO/GPIO-output-and-software-timers.o
 .debug_abbrev  0x0000205a      0x141 ./Source/cr_startup_lpc176x.o
 .debug_abbrev  0x0000219b      0x196 ./Source/main.o
 .debug_abbrev  0x00002331      0x142 ./Source/printf-stdarg.o
 .debug_abbrev  0x00002473      0x1cb /home/nishad/fbaseboard_workspace/lpc17xx.cmsis.driver.library/Debug/liblpc17xx.cmsis.driver.library.a(lpc17xx_gpio.o)
 .debug_abbrev  0x0000263e      0x21a /home/nishad/fbaseboard_workspace/lpc17xx.cmsis.driver.library/Debug/liblpc17xx.cmsis.driver.library.a(lpc17xx_i2c.o)
 .debug_abbrev  0x00002858       0x6a /home/nishad/fbaseboard_workspace/lpc17xx.cmsis.driver.library/Debug/liblpc17xx.cmsis.driver.library.a(lpc17xx_libcfg_default.o)
 .debug_abbrev  0x000028c2      0x11f /home/nishad/fbaseboard_workspace/lpc17xx.cmsis.driver.library/Debug/liblpc17xx.cmsis.driver.library.a(lpc17xx_pinsel.o)
 .debug_abbrev  0x000029e1      0x19d /home/nishad/fbaseboard_workspace/lpc17xx.cmsis.driver.library/Debug/liblpc17xx.cmsis.driver.library.a(lpc17xx_ssp.o)
 .debug_abbrev  0x00002b7e      0x1d0 /home/nishad/fbaseboard_workspace/lpc17xx.cmsis.driver.library/Debug/liblpc17xx.cmsis.driver.library.a(lpc17xx_uart.o)
 .debug_abbrev  0x00002d4e      0x197 /home/nishad/fbaseboard_workspace/lpc17xx.cmsis.driver.library/Debug/liblpc17xx.cmsis.driver.library.a(lpc17xx_clkpwr.o)
 .debug_abbrev  0x00002ee5       0xe3 /home/nishad/fbaseboard_workspace/CMSISv2p00_LPC17xx/Debug/libCMSISv2p00_LPC17xx.a(system_LPC17xx.o)

.debug_loc      0x00000000     0x4750
 .debug_loc     0x00000000       0xc8 ./Source/FreeRTOS-Products/FreeRTOS/portable/MemMang/heap_2.o
 .debug_loc     0x000000c8      0x16c ./Source/FreeRTOS-Products/FreeRTOS/portable/GCC/ARM_CM3/port.o
 .debug_loc     0x00000234       0x38 ./Source/FreeRTOS-Products/FreeRTOS-Plus-IO/Device/LPC17xx/FreeRTOS_lpc17xx_DriverInterface.o
 .debug_loc     0x0000026c      0x1c4 ./Source/FreeRTOS-Products/FreeRTOS-Plus-IO/Device/LPC17xx/FreeRTOS_lpc17xx_i2c.o
 .debug_loc     0x00000430      0x1f8 ./Source/FreeRTOS-Products/FreeRTOS-Plus-IO/Device/LPC17xx/FreeRTOS_lpc17xx_ssp.o
 .debug_loc     0x00000628      0x1fc ./Source/FreeRTOS-Products/FreeRTOS-Plus-IO/Device/LPC17xx/FreeRTOS_lpc17xx_uart.o
 .debug_loc     0x00000824       0x70 ./Source/FreeRTOS-Products/FreeRTOS-Plus-IO/Common/FreeRTOS_DriverInterface.o
 .debug_loc     0x00000894       0x38 ./Source/FreeRTOS-Products/FreeRTOS-Plus-IO/Common/FreeRTOS_IOUtils.o
 .debug_loc     0x000008cc      0x188 ./Source/FreeRTOS-Products/FreeRTOS-Plus-IO/Common/IOUtils_CharQueueTxAndRx.o
 .debug_loc     0x00000a54       0xe0 ./Source/FreeRTOS-Products/FreeRTOS-Plus-IO/Common/IOUtils_CircularBufferRx.o
 .debug_loc     0x00000b34       0xa8 ./Source/FreeRTOS-Products/FreeRTOS-Plus-IO/Common/IOUtils_ZeroCopyTx.o
 .debug_loc     0x00000bdc      0x144 ./Source/FreeRTOS-Products/FreeRTOS-Plus-CLI/FreeRTOS_CLI.o
 .debug_loc     0x00000d20      0x188 ./Source/FreeRTOS-Products/FreeRTOS/croutine.o
 .debug_loc     0x00000ea8      0x118 ./Source/FreeRTOS-Products/FreeRTOS/list.o
 .debug_loc     0x00000fc0      0x5e8 ./Source/FreeRTOS-Products/FreeRTOS/queue.o
 .debug_loc     0x000015a8      0x972 ./Source/FreeRTOS-Products/FreeRTOS/tasks.o
 .debug_loc     0x00001f1a      0x304 ./Source/FreeRTOS-Products/FreeRTOS/timers.o
 .debug_loc     0x0000221e      0x1b5 ./Source/Examples/UART/CLI-commands.o
 .debug_loc     0x000023d3       0xa8 ./Source/Examples/UART/UART-interrupt-driven-command-console.o
 .debug_loc     0x0000247b       0xe2 ./Source/Examples/UART/UART-operation-modes-test.o
 .debug_loc     0x0000255d       0x70 ./Source/Examples/SSP/SPI-writes-to-7-seg-display.o
 .debug_loc     0x000025cd       0x70 ./Source/Examples/I2C/I2C-coordinator.o
 .debug_loc     0x0000263d       0xa8 ./Source/Examples/I2C/I2C-to-OLED.o
 .debug_loc     0x000026e5       0xa8 ./Source/Examples/I2C/I2C-to-and-from-EEPROM.o
 .debug_loc     0x0000278d      0x188 ./Source/Examples/I2C/oled.o
 .debug_loc     0x00002915       0x70 ./Source/Examples/GPIO/GPIO-output-and-software-timers.o
 .debug_loc     0x00002985      0x20e ./Source/cr_startup_lpc176x.o
 .debug_loc     0x00002b93      0x12c ./Source/main.o
 .debug_loc     0x00002cbf      0x1e7 ./Source/printf-stdarg.o
 .debug_loc     0x00002ea6      0x620 /home/nishad/fbaseboard_workspace/lpc17xx.cmsis.driver.library/Debug/liblpc17xx.cmsis.driver.library.a(lpc17xx_gpio.o)
 .debug_loc     0x000034c6      0x508 /home/nishad/fbaseboard_workspace/lpc17xx.cmsis.driver.library/Debug/liblpc17xx.cmsis.driver.library.a(lpc17xx_i2c.o)
 .debug_loc     0x000039ce       0x38 /home/nishad/fbaseboard_workspace/lpc17xx.cmsis.driver.library/Debug/liblpc17xx.cmsis.driver.library.a(lpc17xx_libcfg_default.o)
 .debug_loc     0x00003a06      0x150 /home/nishad/fbaseboard_workspace/lpc17xx.cmsis.driver.library/Debug/liblpc17xx.cmsis.driver.library.a(lpc17xx_pinsel.o)
 .debug_loc     0x00003b56      0x3f0 /home/nishad/fbaseboard_workspace/lpc17xx.cmsis.driver.library/Debug/liblpc17xx.cmsis.driver.library.a(lpc17xx_ssp.o)
 .debug_loc     0x00003f46      0x65a /home/nishad/fbaseboard_workspace/lpc17xx.cmsis.driver.library/Debug/liblpc17xx.cmsis.driver.library.a(lpc17xx_uart.o)
 .debug_loc     0x000045a0      0x190 /home/nishad/fbaseboard_workspace/lpc17xx.cmsis.driver.library/Debug/liblpc17xx.cmsis.driver.library.a(lpc17xx_clkpwr.o)
 .debug_loc     0x00004730       0x20 /home/nishad/fbaseboard_workspace/CMSISv2p00_LPC17xx/Debug/libCMSISv2p00_LPC17xx.a(system_LPC17xx.o)

.debug_aranges  0x00000000      0xe20
 .debug_aranges
                0x00000000       0x38 ./Source/FreeRTOS-Products/FreeRTOS/portable/MemMang/heap_2.o
 .debug_aranges
                0x00000038       0x80 ./Source/FreeRTOS-Products/FreeRTOS/portable/GCC/ARM_CM3/port.o
 .debug_aranges
                0x000000b8       0x20 ./Source/FreeRTOS-Products/FreeRTOS-Plus-IO/Device/LPC17xx/FreeRTOS_lpc17xx_DriverInterface.o
 .debug_aranges
                0x000000d8       0x58 ./Source/FreeRTOS-Products/FreeRTOS-Plus-IO/Device/LPC17xx/FreeRTOS_lpc17xx_i2c.o
 .debug_aranges
                0x00000130       0x60 ./Source/FreeRTOS-Products/FreeRTOS-Plus-IO/Device/LPC17xx/FreeRTOS_lpc17xx_ssp.o
 .debug_aranges
                0x00000190       0x60 ./Source/FreeRTOS-Products/FreeRTOS-Plus-IO/Device/LPC17xx/FreeRTOS_lpc17xx_uart.o
 .debug_aranges
                0x000001f0       0x28 ./Source/FreeRTOS-Products/FreeRTOS-Plus-IO/Common/FreeRTOS_DriverInterface.o
 .debug_aranges
                0x00000218       0x20 ./Source/FreeRTOS-Products/FreeRTOS-Plus-IO/Common/FreeRTOS_IOUtils.o
 .debug_aranges
                0x00000238       0x50 ./Source/FreeRTOS-Products/FreeRTOS-Plus-IO/Common/IOUtils_CharQueueTxAndRx.o
 .debug_aranges
                0x00000288       0x38 ./Source/FreeRTOS-Products/FreeRTOS-Plus-IO/Common/IOUtils_CircularBufferRx.o
 .debug_aranges
                0x000002c0       0x30 ./Source/FreeRTOS-Products/FreeRTOS-Plus-IO/Common/IOUtils_ZeroCopyTx.o
 .debug_aranges
                0x000002f0       0x48 ./Source/FreeRTOS-Products/FreeRTOS-Plus-CLI/FreeRTOS_CLI.o
 .debug_aranges
                0x00000338       0x50 ./Source/FreeRTOS-Products/FreeRTOS/croutine.o
 .debug_aranges
                0x00000388       0x40 ./Source/FreeRTOS-Products/FreeRTOS/list.o
 .debug_aranges
                0x000003c8       0xf0 ./Source/FreeRTOS-Products/FreeRTOS/queue.o
 .debug_aranges
                0x000004b8      0x178 ./Source/FreeRTOS-Products/FreeRTOS/tasks.o
 .debug_aranges
                0x00000630       0x88 ./Source/FreeRTOS-Products/FreeRTOS/timers.o
 .debug_aranges
                0x000006b8       0x58 ./Source/Examples/UART/CLI-commands.o
 .debug_aranges
                0x00000710       0x30 ./Source/Examples/UART/UART-interrupt-driven-command-console.o
 .debug_aranges
                0x00000740       0x38 ./Source/Examples/UART/UART-operation-modes-test.o
 .debug_aranges
                0x00000778       0x28 ./Source/Examples/SSP/SPI-writes-to-7-seg-display.o
 .debug_aranges
                0x000007a0       0x28 ./Source/Examples/I2C/I2C-coordinator.o
 .debug_aranges
                0x000007c8       0x30 ./Source/Examples/I2C/I2C-to-OLED.o
 .debug_aranges
                0x000007f8       0x30 ./Source/Examples/I2C/I2C-to-and-from-EEPROM.o
 .debug_aranges
                0x00000828       0x50 ./Source/Examples/I2C/oled.o
 .debug_aranges
                0x00000878       0x28 ./Source/Examples/GPIO/GPIO-output-and-software-timers.o
 .debug_aranges
                0x000008a0       0x88 ./Source/cr_startup_lpc176x.o
 .debug_aranges
                0x00000928       0x48 ./Source/main.o
 .debug_aranges
                0x00000970       0x58 ./Source/printf-stdarg.o
 .debug_aranges
                0x000009c8       0xf8 /home/nishad/fbaseboard_workspace/lpc17xx.cmsis.driver.library/Debug/liblpc17xx.cmsis.driver.library.a(lpc17xx_gpio.o)
 .debug_aranges
                0x00000ac0       0xd0 /home/nishad/fbaseboard_workspace/lpc17xx.cmsis.driver.library/Debug/liblpc17xx.cmsis.driver.library.a(lpc17xx_i2c.o)
 .debug_aranges
                0x00000b90       0x20 /home/nishad/fbaseboard_workspace/lpc17xx.cmsis.driver.library/Debug/liblpc17xx.cmsis.driver.library.a(lpc17xx_libcfg_default.o)
 .debug_aranges
                0x00000bb0       0x48 /home/nishad/fbaseboard_workspace/lpc17xx.cmsis.driver.library/Debug/liblpc17xx.cmsis.driver.library.a(lpc17xx_pinsel.o)
 .debug_aranges
                0x00000bf8       0xa8 /home/nishad/fbaseboard_workspace/lpc17xx.cmsis.driver.library/Debug/liblpc17xx.cmsis.driver.library.a(lpc17xx_ssp.o)
 .debug_aranges
                0x00000ca0      0x100 /home/nishad/fbaseboard_workspace/lpc17xx.cmsis.driver.library/Debug/liblpc17xx.cmsis.driver.library.a(lpc17xx_uart.o)
 .debug_aranges
                0x00000da0       0x58 /home/nishad/fbaseboard_workspace/lpc17xx.cmsis.driver.library/Debug/liblpc17xx.cmsis.driver.library.a(lpc17xx_clkpwr.o)
 .debug_aranges
                0x00000df8       0x28 /home/nishad/fbaseboard_workspace/CMSISv2p00_LPC17xx/Debug/libCMSISv2p00_LPC17xx.a(system_LPC17xx.o)

.debug_ranges   0x00000000      0xc08
 .debug_ranges  0x00000000       0x28 ./Source/FreeRTOS-Products/FreeRTOS/portable/MemMang/heap_2.o
 .debug_ranges  0x00000028       0x70 ./Source/FreeRTOS-Products/FreeRTOS/portable/GCC/ARM_CM3/port.o
 .debug_ranges  0x00000098       0x10 ./Source/FreeRTOS-Products/FreeRTOS-Plus-IO/Device/LPC17xx/FreeRTOS_lpc17xx_DriverInterface.o
 .debug_ranges  0x000000a8       0x48 ./Source/FreeRTOS-Products/FreeRTOS-Plus-IO/Device/LPC17xx/FreeRTOS_lpc17xx_i2c.o
 .debug_ranges  0x000000f0       0x50 ./Source/FreeRTOS-Products/FreeRTOS-Plus-IO/Device/LPC17xx/FreeRTOS_lpc17xx_ssp.o
 .debug_ranges  0x00000140       0x88 ./Source/FreeRTOS-Products/FreeRTOS-Plus-IO/Device/LPC17xx/FreeRTOS_lpc17xx_uart.o
 .debug_ranges  0x000001c8       0x18 ./Source/FreeRTOS-Products/FreeRTOS-Plus-IO/Common/FreeRTOS_DriverInterface.o
 .debug_ranges  0x000001e0       0x10 ./Source/FreeRTOS-Products/FreeRTOS-Plus-IO/Common/FreeRTOS_IOUtils.o
 .debug_ranges  0x000001f0       0x40 ./Source/FreeRTOS-Products/FreeRTOS-Plus-IO/Common/IOUtils_CharQueueTxAndRx.o
 .debug_ranges  0x00000230       0x28 ./Source/FreeRTOS-Products/FreeRTOS-Plus-IO/Common/IOUtils_CircularBufferRx.o
 .debug_ranges  0x00000258       0x20 ./Source/FreeRTOS-Products/FreeRTOS-Plus-IO/Common/IOUtils_ZeroCopyTx.o
 .debug_ranges  0x00000278       0x38 ./Source/FreeRTOS-Products/FreeRTOS-Plus-CLI/FreeRTOS_CLI.o
 .debug_ranges  0x000002b0       0x40 ./Source/FreeRTOS-Products/FreeRTOS/croutine.o
 .debug_ranges  0x000002f0       0x30 ./Source/FreeRTOS-Products/FreeRTOS/list.o
 .debug_ranges  0x00000320       0xe0 ./Source/FreeRTOS-Products/FreeRTOS/queue.o
 .debug_ranges  0x00000400      0x168 ./Source/FreeRTOS-Products/FreeRTOS/tasks.o
 .debug_ranges  0x00000568       0x78 ./Source/FreeRTOS-Products/FreeRTOS/timers.o
 .debug_ranges  0x000005e0       0x48 ./Source/Examples/UART/CLI-commands.o
 .debug_ranges  0x00000628       0x20 ./Source/Examples/UART/UART-interrupt-driven-command-console.o
 .debug_ranges  0x00000648       0x28 ./Source/Examples/UART/UART-operation-modes-test.o
 .debug_ranges  0x00000670       0x18 ./Source/Examples/SSP/SPI-writes-to-7-seg-display.o
 .debug_ranges  0x00000688       0x18 ./Source/Examples/I2C/I2C-coordinator.o
 .debug_ranges  0x000006a0       0x20 ./Source/Examples/I2C/I2C-to-OLED.o
 .debug_ranges  0x000006c0       0x20 ./Source/Examples/I2C/I2C-to-and-from-EEPROM.o
 .debug_ranges  0x000006e0       0x40 ./Source/Examples/I2C/oled.o
 .debug_ranges  0x00000720       0x18 ./Source/Examples/GPIO/GPIO-output-and-software-timers.o
 .debug_ranges  0x00000738       0x78 ./Source/cr_startup_lpc176x.o
 .debug_ranges  0x000007b0       0x38 ./Source/main.o
 .debug_ranges  0x000007e8       0x48 ./Source/printf-stdarg.o
 .debug_ranges  0x00000830       0xe8 /home/nishad/fbaseboard_workspace/lpc17xx.cmsis.driver.library/Debug/liblpc17xx.cmsis.driver.library.a(lpc17xx_gpio.o)
 .debug_ranges  0x00000918       0xc0 /home/nishad/fbaseboard_workspace/lpc17xx.cmsis.driver.library/Debug/liblpc17xx.cmsis.driver.library.a(lpc17xx_i2c.o)
 .debug_ranges  0x000009d8       0x10 /home/nishad/fbaseboard_workspace/lpc17xx.cmsis.driver.library/Debug/liblpc17xx.cmsis.driver.library.a(lpc17xx_libcfg_default.o)
 .debug_ranges  0x000009e8       0x38 /home/nishad/fbaseboard_workspace/lpc17xx.cmsis.driver.library/Debug/liblpc17xx.cmsis.driver.library.a(lpc17xx_pinsel.o)
 .debug_ranges  0x00000a20       0x98 /home/nishad/fbaseboard_workspace/lpc17xx.cmsis.driver.library/Debug/liblpc17xx.cmsis.driver.library.a(lpc17xx_ssp.o)
 .debug_ranges  0x00000ab8       0xf0 /home/nishad/fbaseboard_workspace/lpc17xx.cmsis.driver.library/Debug/liblpc17xx.cmsis.driver.library.a(lpc17xx_uart.o)
 .debug_ranges  0x00000ba8       0x48 /home/nishad/fbaseboard_workspace/lpc17xx.cmsis.driver.library/Debug/liblpc17xx.cmsis.driver.library.a(lpc17xx_clkpwr.o)
 .debug_ranges  0x00000bf0       0x18 /home/nishad/fbaseboard_workspace/CMSISv2p00_LPC17xx/Debug/libCMSISv2p00_LPC17xx.a(system_LPC17xx.o)

.debug_line     0x00000000    0x114f7
 .debug_line    0x00000000      0x57d ./Source/FreeRTOS-Products/FreeRTOS/portable/MemMang/heap_2.o
 .debug_line    0x0000057d      0x573 ./Source/FreeRTOS-Products/FreeRTOS/portable/GCC/ARM_CM3/port.o
 .debug_line    0x00000af0      0x5bc ./Source/FreeRTOS-Products/FreeRTOS-Plus-IO/Device/LPC17xx/FreeRTOS_lpc17xx_DriverInterface.o
 .debug_line    0x000010ac      0xa6d ./Source/FreeRTOS-Products/FreeRTOS-Plus-IO/Device/LPC17xx/FreeRTOS_lpc17xx_i2c.o
 .debug_line    0x00001b19      0xa1a ./Source/FreeRTOS-Products/FreeRTOS-Plus-IO/Device/LPC17xx/FreeRTOS_lpc17xx_ssp.o
 .debug_line    0x00002533      0xab0 ./Source/FreeRTOS-Products/FreeRTOS-Plus-IO/Device/LPC17xx/FreeRTOS_lpc17xx_uart.o
 .debug_line    0x00002fe3      0x871 ./Source/FreeRTOS-Products/FreeRTOS-Plus-IO/Common/FreeRTOS_DriverInterface.o
 .debug_line    0x00003854      0x60b ./Source/FreeRTOS-Products/FreeRTOS-Plus-IO/Common/FreeRTOS_IOUtils.o
 .debug_line    0x00003e5f      0x6da ./Source/FreeRTOS-Products/FreeRTOS-Plus-IO/Common/IOUtils_CharQueueTxAndRx.o
 .debug_line    0x00004539      0x693 ./Source/FreeRTOS-Products/FreeRTOS-Plus-IO/Common/IOUtils_CircularBufferRx.o
 .debug_line    0x00004bcc      0x65b ./Source/FreeRTOS-Products/FreeRTOS-Plus-IO/Common/IOUtils_ZeroCopyTx.o
 .debug_line    0x00005227      0x603 ./Source/FreeRTOS-Products/FreeRTOS-Plus-CLI/FreeRTOS_CLI.o
 .debug_line    0x0000582a      0x5fc ./Source/FreeRTOS-Products/FreeRTOS/croutine.o
 .debug_line    0x00005e26      0x53d ./Source/FreeRTOS-Products/FreeRTOS/list.o
 .debug_line    0x00006363      0x982 ./Source/FreeRTOS-Products/FreeRTOS/queue.o